        25    2380.7058569    2250.5243297     130.1815272
        50    2405.7314458    2276.2720469     129.4593989
        75    2411.3197868    2278.6777077     132.6420790
       100    2397.7735602    2266.1757331     131.5978271
       125    2391.6986074    2260.7729698     130.9256376
       150    2389.7555249    2257.6818236     132.0737013
       175    2374.5051099    2243.4859951     131.0191148
       200    2382.8033793    2252.7168790     130.0865003
       225    2387.5884923    2255.9659587     131.6225337
       250    2398.6698216    2265.5964746     133.0733471
       275    2387.1538311    2257.0837446     130.0700865
       300    2408.5452511    2277.4850943     131.0601568
       325    2399.7618984    2270.2687967     129.4931017
       350    2384.7407614    2252.0971976     132.6435638
       375    2385.8550396    2254.9972354     130.8578042
       400    2399.4778214    2267.4435101     132.0343113
       425    2412.2176570    2282.1216548     130.0960022
       450    2397.3026415    2264.5141042     132.7885374
       475    2405.2897438    2275.6342113     129.6555325
       500    2390.4055813    2258.7667404     131.6388408
       525    2400.8880472    2269.3736100     131.5144372
       550    2395.0486502    2262.8510143     132.1976359
       575    2410.5481476    2279.8063574     130.7417903
       600    2406.4620956    2275.3527941     131.1093015
       625    2410.8941739    2279.0599346     131.8342393
       650    2396.7174773    2267.2768287     129.4406486
       675    2416.4357215    2284.6693001     131.7664213
       700    2392.7465276    2260.3112183     132.4353093
       725    2400.0444982    2266.9346973     133.1098009
       750    2387.0937303    2257.9433165     129.1504138
       775    2403.4337142    2271.3355147     132.0981995
       800    2390.2862287    2259.7922252     130.4940035
       825    2373.3351814    2242.6486140     130.6865673
       850    2398.1684006    2267.6198190     130.5485817
       875    2317.1844231    2182.1758027     135.0086204
       900    2301.1823322    2169.2456389     131.9366933
       925    2282.0906074    2151.2318572     130.8587502
       950    2295.2104953    2162.3255774     132.8849179
       975    2285.7933526    2154.1115097     131.6818430
      1000    2280.8790310    2148.0775615     132.8014695
      1025    2290.2776278    2159.6754141     130.6022136
      1050    2310.2362752    2178.1201237     132.1161515
      1075    2268.1803475    2137.0584206     131.1219269
      1100    2255.9593777    2126.4136794     129.5456983
      1125    2294.4394615    2162.7788917     131.6605698
      1150    2276.2319933    2144.0260516     132.2059418
      1175    2270.9927565    2138.4323739     132.5603825
      1200    2274.1687176    2141.7501399     132.4185777
      1225    2287.3292703    2156.2764903     131.0527801
      1250    2271.3053838    2141.5779760     129.7274078
      1275    2273.8178597    2143.2548774     130.5629823
      1300    2272.3650607    2143.3449250     129.0201357
      1325    2285.9272321    2154.3813676     131.5458645
      1350    2284.2101887    2151.7978438     132.4123449
      1375    2276.3336177    2144.2488646     132.0847532
      1400    2294.5832110    2162.3117158     132.2714951
      1425    2267.8306950    2135.2059828     132.6247123
      1450    2259.8380202    2127.2952747     132.5427455
      1475    2254.7112123    2123.4305361     131.2806762
      1500    2256.9811274    2126.9278857     130.0532417
      1525    2258.2176154    2128.0603897     130.1572257
      1550    2258.0063616    2127.4920242     130.5143374
      1575    2262.1517558    2131.4706091     130.6811467
      1600    2278.7783911    2147.0035876     131.7748035
      1625    2271.3934835    2137.9087577     133.4847258
      1650    2278.0120013    2146.7130297     131.2989717
      1675    2275.6947663    2143.2633731     132.4313931
      1700    2267.8915427    2137.9322879     129.9592548
      1725    2263.7038346    2133.2003157     130.5035189
      1750    2264.9148867    2133.9834635     130.9314232
      1775    2272.6642964    2141.4333136     131.2309828
      1800    2251.0021459    2119.3884767     131.6136692
      1825    2257.1031435    2124.8475901     132.2555534
      1850    2234.9528630    2104.2746070     130.6782559
      1875    2247.9109924    2115.8295525     132.0814399
      1900    2250.0575863    2119.9039067     130.1536796
      1925    2247.0888806    2116.5150519     130.5738288
      1950    2255.0074819    2123.4552577     131.5522242
      1975    2261.8740446    2132.9525076     128.9215370
      2000    2246.1100119    2112.0828953     134.0271166
