         1        50  0.0010  0.0010     -23.2750414     -23.4896084       0.2145670
         1       100  0.0010  0.0010     -23.2574299     -23.4708570       0.2134270
         1       150  0.0010  0.0010     -23.2447163     -23.4563980       0.2116817
         1       200  0.0010  0.0010     -23.2242105     -23.4366885       0.2124780
         1       250  0.0010  0.0010     -23.2190232     -23.4309472       0.2119240
         1       300  0.0010  0.0010     -23.2356380     -23.4489876       0.2133496
         1       350  0.0010  0.0010     -23.2159821     -23.4288600       0.2128779
         1       400  0.0010  0.0010     -23.2145710     -23.4265990       0.2120280
         1       450  0.0010  0.0010     -23.1978129     -23.4108173       0.2130044
         1       500  0.0010  0.0010     -23.1947822     -23.4088465       0.2140642
         1       550  0.0010  0.0010     -23.1861815     -23.3991494       0.2129680
         1       600  0.0010  0.0010     -23.1911149     -23.4039576       0.2128427
         1       650  0.0010  0.0010     -23.1932183     -23.4066518       0.2134335
         1       700  0.0010  0.0010     -23.1923540     -23.4057343       0.2133803
         1       750  0.0010  0.0010     -23.1745892     -23.3877540       0.2131648
         1       800  0.0010  0.0010     -23.1642645     -23.3767490       0.2124845
         1       850  0.0010  0.0010     -23.1689077     -23.3793343       0.2104266
         1       900  0.0010  0.0010     -23.1767359     -23.3896403       0.2129045
         1       950  0.0010  0.0010     -23.1649991     -23.3785969       0.2135978
         1      1000  0.0010  0.0010     -23.1633979     -23.3766065       0.2132086
         1      1050  0.0010  0.0010     -23.1492964     -23.3640121       0.2147157
         1      1100  0.0010  0.0010     -23.1444543     -23.3580038       0.2135495
         1      1150  0.0010  0.0010     -23.1373239     -23.3482183       0.2108944
         1      1200  0.0010  0.0010     -23.1681101     -23.3814567       0.2133467
         1      1250  0.0010  0.0010     -23.1455557     -23.3580257       0.2124700
         1      1300  0.0010  0.0010     -23.1438465     -23.3562692       0.2124227
         1      1350  0.0010  0.0010     -23.1532177     -23.3669696       0.2137519
         1      1400  0.0010  0.0010     -23.1586298     -23.3724694       0.2138397
         1      1450  0.0010  0.0010     -23.1542004     -23.3663292       0.2121288
         1      1500  0.0010  0.0010     -23.1570520     -23.3708312       0.2137792
         1      1550  0.0010  0.0010     -23.1605687     -23.3734689       0.2129002
         1      1600  0.0010  0.0010     -23.1605933     -23.3728842       0.2122909
         1      1650  0.0010  0.0010     -23.1718318     -23.3847126       0.2128808
         1      1700  0.0010  0.0010     -23.1734443     -23.3868626       0.2134183
         1      1750  0.0010  0.0010     -23.1710645     -23.3844701       0.2134057
         1      1800  0.0010  0.0010     -23.1695734     -23.3827039       0.2131305
         1      1850  0.0010  0.0010     -23.1781482     -23.3913167       0.2131685
         1      1900  0.0010  0.0010     -23.1843454     -23.3971194       0.2127740
         1      1950  0.0010  0.0010     -23.1825244     -23.3960605       0.2135360
         1      2000  0.0010  0.0010     -23.1809674     -23.3938750       0.2129076
         2        50  0.0257  0.0257     -16.5302780     -22.0142374       5.4839595
         2       100  0.0257  0.0257     -16.1224957     -21.5919712       5.4694755
         2       150  0.0257  0.0255     -15.8025307     -21.2379767       5.4354460
         2       200  0.0257  0.0256     -15.5414022     -20.9992351       5.4578330
         2       250  0.0257  0.0256     -15.3119017     -20.7715456       5.4596439
         2       300  0.0257  0.0257     -15.5889110     -21.0687647       5.4798536
         2       350  0.0257  0.0257     -15.3294451     -20.7930045       5.4635594
         2       400  0.0257  0.0257     -15.2878553     -20.7579521       5.4700968
         2       450  0.0257  0.0257     -14.7327738     -20.1964184       5.4636446
         2       500  0.0257  0.0256     -14.7521793     -20.2125375       5.4603582
         2       550  0.0257  0.0256     -14.6579603     -20.1152929       5.4573325
         2       600  0.0257  0.0257     -14.7031479     -20.1707723       5.4676244
         2       650  0.0257  0.0257     -14.5752456     -20.0461290       5.4708834
         2       700  0.0257  0.0257     -14.4639775     -19.9445630       5.4805855
         2       750  0.0257  0.0257     -14.2754711     -19.7531853       5.4777142
         2       800  0.0257  0.0256     -14.2116410     -19.6642322       5.4525912
         2       850  0.0257  0.0255     -14.1519093     -19.5829859       5.4310767
         2       900  0.0257  0.0256     -14.3723309     -19.8230354       5.4507044
         2       950  0.0257  0.0257     -14.2549161     -19.7313770       5.4764609
         2      1000  0.0257  0.0256     -14.2481636     -19.7111574       5.4629938
         2      1050  0.0257  0.0258     -13.8712759     -19.3674861       5.4962102
         2      1100  0.0257  0.0258     -13.8823510     -19.3675584       5.4852074
         2      1150  0.0257  0.0255     -13.3285262     -18.7673612       5.4388350
         2      1200  0.0257  0.0256     -13.6975640     -19.1602726       5.4627087
         2      1250  0.0257  0.0257     -13.6585160     -19.1350443       5.4765283
         2      1300  0.0257  0.0257     -13.5730775     -19.0374491       5.4643716
         2      1350  0.0257  0.0257     -13.7028313     -19.1695286       5.4666973
         2      1400  0.0257  0.0258     -14.0793032     -19.5681688       5.4888656
         2      1450  0.0257  0.0256     -13.9688801     -19.4188417       5.4499616
         2      1500  0.0257  0.0256     -14.0515350     -19.5091419       5.4576070
         2      1550  0.0257  0.0257     -14.4182499     -19.8845667       5.4663168
         2      1600  0.0257  0.0257     -14.1344168     -19.6185701       5.4841532
         2      1650  0.0257  0.0256     -14.1965394     -19.6538670       5.4573276
         2      1700  0.0257  0.0256     -14.2878207     -19.7499670       5.4621463
         2      1750  0.0257  0.0257     -14.4994561     -19.9685078       5.4690517
         2      1800  0.0257  0.0256     -14.3799270     -19.8404550       5.4605280
         2      1850  0.0257  0.0257     -14.9177099     -20.3902228       5.4725129
         2      1900  0.0257  0.0257     -14.4738487     -19.9466655       5.4728168
         2      1950  0.0257  0.0257     -14.6164856     -20.0954506       5.4789650
         2      2000  0.0257  0.0257     -14.8043303     -20.2745882       5.4702580
         3        50  0.0513  0.0514      -8.0470850     -18.9933508      10.9462658
         3       100  0.0513  0.0513      -7.3067315     -18.2257565      10.9190250
         3       150  0.0513  0.0513      -7.1283352     -18.0558493      10.9275141
         3       200  0.0513  0.0512      -7.1062365     -18.0021315      10.8958950
         3       250  0.0513  0.0513      -6.9021184     -17.8306795      10.9285611
         3       300  0.0513  0.0515      -7.3842974     -18.3478142      10.9635167
         3       350  0.0513  0.0513      -7.4311815     -18.3539077      10.9227262
         3       400  0.0513  0.0514      -7.5278537     -18.4685972      10.9407436
         3       450  0.0513  0.0515      -6.4746459     -17.4367765      10.9621306
         3       500  0.0513  0.0512      -6.5283307     -17.4308478      10.9025170
         3       550  0.0513  0.0513      -6.4985607     -17.4196237      10.9210629
         3       600  0.0513  0.0515      -6.8609237     -17.8279080      10.9669844
         3       650  0.0513  0.0513      -6.4801648     -17.4081262      10.9279613
         3       700  0.0513  0.0513      -6.2683867     -17.1971290      10.9287423
         3       750  0.0513  0.0513      -6.2245523     -17.1462431      10.9216908
         3       800  0.0513  0.0512      -5.7532410     -16.6633606      10.9101196
         3       850  0.0513  0.0511      -5.4535939     -16.3325074      10.8789135
         3       900  0.0513  0.0514      -5.5053921     -16.4449038      10.9395118
         3       950  0.0513  0.0514      -5.8517810     -16.8078616      10.9560806
         3      1000  0.0513  0.0513      -5.1122531     -16.0408457      10.9285926
         3      1050  0.0513  0.0516      -5.2674679     -16.2649514      10.9974836
         3      1100  0.0513  0.0515      -5.6045438     -16.5675125      10.9629687
         3      1150  0.0513  0.0511      -5.2817651     -16.1616088      10.8798437
         3      1200  0.0513  0.0513      -4.8668656     -15.7842057      10.9173400
         3      1250  0.0513  0.0514      -5.1127582     -16.0613980      10.9486398
         3      1300  0.0513  0.0511      -4.5833632     -15.4653043      10.8819411
         3      1350  0.0513  0.0513      -4.0032237     -14.9387003      10.9354765
         3      1400  0.0513  0.0516      -4.3010272     -15.2845687      10.9835415
         3      1450  0.0513  0.0512      -4.4234578     -15.3234679      10.9000101
         3      1500  0.0513  0.0512      -4.5279828     -15.4296264      10.9016436
         3      1550  0.0513  0.0515      -4.5157862     -15.4758257      10.9600394
         3      1600  0.0513  0.0513      -4.3491537     -15.2829707      10.9338169
         3      1650  0.0513  0.0515      -3.5198930     -14.4910785      10.9711855
         3      1700  0.0513  0.0514      -4.7525775     -15.7087183      10.9561407
         3      1750  0.0513  0.0511      -4.3959333     -15.2819573      10.8860240
         3      1800  0.0513  0.0514      -4.6682622     -15.6110957      10.9428335
         3      1850  0.0513  0.0512      -4.9268524     -15.8373940      10.9105415
         3      1900  0.0513  0.0513      -4.3075476     -15.2393045      10.9317569
         3      1950  0.0513  0.0514      -3.8820850     -14.8212821      10.9391972
         3      2000  0.0513  0.0514      -4.2905922     -15.2328294      10.9422372
         4        50  0.0770  0.0769       1.7539929     -14.6281930      16.3821859
         4       100  0.0770  0.0770       2.2232401     -14.1722752      16.3955153
         4       150  0.0770  0.0769       2.2810324     -14.0941269      16.3751593
         4       200  0.0770  0.0770       2.7650059     -13.6442710      16.4092770
         4       250  0.0770  0.0771       3.0781099     -13.3477760      16.4258859
         4       300  0.0770  0.0771       3.0188967     -13.3957128      16.4146094
         4       350  0.0770  0.0771       2.1744448     -14.2482315      16.4226763
         4       400  0.0770  0.0770       2.3290151     -14.0676825      16.3966977
         4       450  0.0770  0.0768       2.8509737     -13.5135149      16.3644886
         4       500  0.0770  0.0771       2.8475287     -13.5676851      16.4152139
         4       550  0.0770  0.0769       3.4533816     -12.9331821      16.3865637
         4       600  0.0770  0.0770       4.0384993     -12.3551785      16.3936778
         4       650  0.0770  0.0770       3.8596292     -12.5396221      16.3992513
         4       700  0.0770  0.0769       3.3782436     -13.0083225      16.3865661
         4       750  0.0770  0.0770       2.9265435     -13.4729638      16.3995072
         4       800  0.0770  0.0770       3.1059500     -13.2974350      16.4033850
         4       850  0.0770  0.0769       3.7982280     -12.5773086      16.3755366
         4       900  0.0770  0.0769       4.1219834     -12.2581792      16.3801626
         4       950  0.0770  0.0769       4.0676151     -12.3176337      16.3852489
         4      1000  0.0770  0.0768       4.3722097     -11.9822528      16.3544625
         4      1050  0.0770  0.0772       3.9051261     -12.5315442      16.4366703
         4      1100  0.0770  0.0773       2.7187049     -13.7421488      16.4608537
         4      1150  0.0770  0.0770       3.2503002     -13.1567083      16.4070085
         4      1200  0.0770  0.0771       4.5985942     -11.8226307      16.4212249
         4      1250  0.0770  0.0769       3.5041389     -12.8794529      16.3835918
         4      1300  0.0770  0.0769       3.8130567     -12.5609284      16.3739851
         4      1350  0.0770  0.0773       4.2649008     -12.1911894      16.4560902
         4      1400  0.0770  0.0771       4.9925336     -11.4274509      16.4199845
         4      1450  0.0770  0.0769       4.0998247     -12.2851359      16.3849606
         4      1500  0.0770  0.0771       4.2576731     -12.1596713      16.4173444
         4      1550  0.0770  0.0771       3.5844379     -12.8395071      16.4239450
         4      1600  0.0770  0.0768       4.7177156     -11.6447769      16.3624925
         4      1650  0.0770  0.0771       4.4581656     -11.9635112      16.4216768
         4      1700  0.0770  0.0769       4.6767273     -11.6999842      16.3767115
         4      1750  0.0770  0.0770       5.1830093     -11.2089057      16.3919149
         4      1800  0.0770  0.0769       5.0518359     -11.3279050      16.3797409
         4      1850  0.0770  0.0772       4.2836374     -12.1535645      16.4372019
         4      1900  0.0770  0.0767       4.4505609     -11.8971712      16.3477321
         4      1950  0.0770  0.0768       4.9448542     -11.4220390      16.3668932
         4      2000  0.0770  0.0770       4.5870967     -11.8227972      16.4098938
         5        50  0.1027  0.1026      11.5052850     -10.3518409      21.8571260
         5       100  0.1027  0.1026      12.1241507      -9.7324512      21.8566019
         5       150  0.1027  0.1028      13.0608897      -8.8439310      21.9048207
         5       200  0.1027  0.1025      13.0374718      -8.8039032      21.8413750
         5       250  0.1027  0.1027      13.2685466      -8.6166625      21.8852091
         5       300  0.1027  0.1029      13.1990063      -8.7190997      21.9181060
         5       350  0.1027  0.1027      12.3617699      -9.5126999      21.8744698
         5       400  0.1027  0.1027      11.5301929     -10.3376914      21.8678844
         5       450  0.1027  0.1027      12.0854806      -9.7831504      21.8686311
         5       500  0.1027  0.1025      12.0124758      -9.8282621      21.8407379
         5       550  0.1027  0.1028      12.1931815      -9.6925909      21.8857724
         5       600  0.1027  0.1026      11.7190730     -10.1323013      21.8513744
         5       650  0.1027  0.1028      12.0404223      -9.8527939      21.8932162
         5       700  0.1027  0.1027      12.2932946      -9.5877565      21.8810511
         5       750  0.1027  0.1027      12.8297672      -9.0393476      21.8691148
         5       800  0.1027  0.1023      12.8940341      -8.8854144      21.7794485
         5       850  0.1027  0.1023      13.7188426      -8.0784601      21.7973027
         5       900  0.1027  0.1028      13.9608000      -7.9258495      21.8866495
         5       950  0.1027  0.1028      12.9907583      -8.9079504      21.8987086
         5      1000  0.1027  0.1026      11.6997257     -10.1462367      21.8459625
         5      1050  0.1027  0.1026      12.5615068      -9.2998069      21.8613138
         5      1100  0.1027  0.1029      11.5438079     -10.3716082      21.9154161
         5      1150  0.1027  0.1023      11.4334788     -10.3459858      21.7794647
         5      1200  0.1027  0.1023      12.4629477      -9.3349745      21.7979222
         5      1250  0.1027  0.1032      13.3017640      -8.6769616      21.9787257
         5      1300  0.1027  0.1027      13.2037622      -8.6654848      21.8692470
         5      1350  0.1027  0.1025      13.4520557      -8.3829515      21.8350072
         5      1400  0.1027  0.1032      12.5237014      -9.4480943      21.9717957
         5      1450  0.1027  0.1026      12.7175934      -9.1256171      21.8432105
         5      1500  0.1027  0.1027      11.9495559      -9.9348958      21.8844517
         5      1550  0.1027  0.1028      11.6522384     -10.2432584      21.8954968
         5      1600  0.1027  0.1025      12.4090776      -9.4252846      21.8343623
         5      1650  0.1027  0.1025      13.1841170      -8.6486371      21.8327541
         5      1700  0.1027  0.1028      12.3442861      -9.5429144      21.8872005
         5      1750  0.1027  0.1026      12.5608620      -9.2963677      21.8572297
         5      1800  0.1027  0.1026      13.5396012      -8.3205514      21.8601525
         5      1850  0.1027  0.1025      12.5041626      -9.3304399      21.8346025
         5      1900  0.1027  0.1029      12.2879706      -9.6313735      21.9193441
         5      1950  0.1027  0.1025      13.5227408      -8.3178401      21.8405808
         5      2000  0.1027  0.1027      13.1148926      -8.7656469      21.8805395
         6        50  0.1283  0.1285      18.3305472      -9.0344031      27.3649503
         6       100  0.1283  0.1282      19.0632002      -8.2408517      27.3040519
         6       150  0.1283  0.1281      18.9832620      -8.2978662      27.2811282
         6       200  0.1283  0.1285      19.6320971      -7.7290855      27.3611825
         6       250  0.1283  0.1283      20.5249235      -6.8083842      27.3333077
         6       300  0.1283  0.1281      21.1094432      -6.1805244      27.2899676
         6       350  0.1283  0.1282      20.8959570      -6.4046685      27.3006255
         6       400  0.1283  0.1285      20.7735576      -6.5963355      27.3698931
         6       450  0.1283  0.1283      21.3429945      -5.9903298      27.3333243
         6       500  0.1283  0.1284      21.9746364      -5.3676424      27.3422788
         6       550  0.1283  0.1283      21.0234434      -6.2986789      27.3221223
         6       600  0.1283  0.1283      21.4994227      -5.8258638      27.3252864
         6       650  0.1283  0.1284      21.3624356      -5.9839526      27.3463882
         6       700  0.1283  0.1283      22.2140624      -5.1182754      27.3323378
         6       750  0.1283  0.1287      22.1107563      -5.2961394      27.4068956
         6       800  0.1283  0.1286      22.4594633      -4.9308690      27.3903323
         6       850  0.1283  0.1281      22.3708650      -4.9205544      27.2914194
         6       900  0.1283  0.1283      23.8627341      -3.4702253      27.3329594
         6       950  0.1283  0.1282      21.4735679      -5.8239534      27.2975213
         6      1000  0.1283  0.1283      22.7424188      -4.5901125      27.3325313
         6      1050  0.1283  0.1281      25.1071700      -2.1721174      27.2792874
         6      1100  0.1283  0.1282      23.1493609      -4.1629291      27.3122900
         6      1150  0.1283  0.1282      22.6327910      -4.6685022      27.3012933
         6      1200  0.1283  0.1283      23.9737592      -3.3504271      27.3241863
         6      1250  0.1283  0.1284      23.0240649      -4.3341273      27.3581922
         6      1300  0.1283  0.1285      22.1663404      -5.1967060      27.3630464
         6      1350  0.1283  0.1286      22.6816571      -4.7030971      27.3847542
         6      1400  0.1283  0.1287      21.2995401      -6.1184023      27.4179424
         6      1450  0.1283  0.1284      20.6877988      -6.6574834      27.3452823
         6      1500  0.1283  0.1286      21.0299898      -6.3518034      27.3817931
         6      1550  0.1283  0.1281      21.2635858      -6.0188994      27.2824852
         6      1600  0.1283  0.1282      21.5615047      -5.7411846      27.3026893
         6      1650  0.1283  0.1284      21.9621706      -5.3922240      27.3543946
         6      1700  0.1283  0.1284      21.5320288      -5.8077846      27.3398133
         6      1750  0.1283  0.1281      22.1132752      -5.1633278      27.2766030
         6      1800  0.1283  0.1284      22.7259528      -4.6173383      27.3432911
         6      1850  0.1283  0.1283      21.9453155      -5.3768944      27.3222098
         6      1900  0.1283  0.1280      21.3400196      -5.9276452      27.2676647
         6      1950  0.1283  0.1281      21.5761282      -5.7059842      27.2821123
         6      2000  0.1283  0.1284      23.1499663      -4.2055144      27.3554806
         7        50  0.1540  0.1543      26.9937516      -5.8777041      32.8714557
         7       100  0.1540  0.1538      27.3912933      -5.3776783      32.7689716
         7       150  0.1540  0.1540      27.8383417      -4.9737335      32.8120752
         7       200  0.1540  0.1542      26.7426478      -6.1014609      32.8441087
         7       250  0.1540  0.1539      26.8617464      -5.9260377      32.7877841
         7       300  0.1540  0.1539      27.5375920      -5.2483223      32.7859143
         7       350  0.1540  0.1544      27.0528718      -5.8274591      32.8803310
         7       400  0.1540  0.1538      28.2185431      -4.5342528      32.7527959
         7       450  0.1540  0.1540      28.6919213      -4.1078035      32.7997247
         7       500  0.1540  0.1539      28.0704806      -4.7018803      32.7723608
         7       550  0.1540  0.1537      28.2038646      -4.5347112      32.7385759
         7       600  0.1540  0.1539      28.2055375      -4.5664790      32.7720165
         7       650  0.1540  0.1541      27.4277350      -5.3965167      32.8242516
         7       700  0.1540  0.1540      28.4725841      -4.3290094      32.8015934
         7       750  0.1540  0.1543      29.5032303      -3.3671138      32.8703442
         7       800  0.1540  0.1545      28.0003997      -4.9051369      32.9055367
         7       850  0.1540  0.1540      27.5794710      -5.2147627      32.7942337
         7       900  0.1540  0.1536      29.1775391      -3.5412528      32.7187920
         7       950  0.1540  0.1541      26.2260926      -6.6021601      32.8282527
         7      1000  0.1540  0.1538      25.3005382      -7.4620286      32.7625668
         7      1050  0.1540  0.1537      26.5302997      -6.2153955      32.7456953
         7      1100  0.1540  0.1544      26.6895286      -6.2031576      32.8926862
         7      1150  0.1540  0.1538      27.1847798      -5.5828595      32.7676394
         7      1200  0.1540  0.1537      29.0815605      -3.6621113      32.7436718
         7      1250  0.1540  0.1539      29.5493535      -3.2369720      32.7863255
         7      1300  0.1540  0.1538      28.6897530      -4.0763520      32.7661050
         7      1350  0.1540  0.1542      28.6341946      -4.2139461      32.8481407
         7      1400  0.1540  0.1538      27.7163318      -5.0533429      32.7696747
         7      1450  0.1540  0.1539      28.1321984      -4.6553199      32.7875183
         7      1500  0.1540  0.1540      28.4750605      -4.3291168      32.8041773
         7      1550  0.1540  0.1540      28.4451578      -4.3579080      32.8030659
         7      1600  0.1540  0.1540      29.0450302      -3.7662428      32.8112730
         7      1650  0.1540  0.1542      29.9867343      -2.8586519      32.8453862
         7      1700  0.1540  0.1544      28.8996140      -3.9785500      32.8781640
         7      1750  0.1540  0.1543      27.7437837      -5.1186627      32.8624463
         7      1800  0.1540  0.1537      28.4536562      -4.2856676      32.7393239
         7      1850  0.1540  0.1537      30.1791019      -2.5685155      32.7476174
         7      1900  0.1540  0.1539      29.8001903      -2.9737375      32.7739278
         7      1950  0.1540  0.1538      29.9066351      -2.8427590      32.7493942
         7      2000  0.1540  0.1537      31.7559203      -0.9864392      32.7423595
         8        50  0.1797  0.1798      35.6558903      -2.6398881      38.2957784
         8       100  0.1797  0.1796      34.5867176      -3.6619290      38.2486465
         8       150  0.1797  0.1800      35.0826895      -3.2613688      38.3440583
         8       200  0.1797  0.1798      35.1641573      -3.1329789      38.2971362
         8       250  0.1797  0.1797      35.9103584      -2.3554183      38.2657766
         8       300  0.1797  0.1797      36.3813085      -1.8969462      38.2782547
         8       350  0.1797  0.1800      36.3592425      -1.9854237      38.3446662
         8       400  0.1797  0.1790      35.4987171      -2.6333595      38.1320766
         8       450  0.1797  0.1801      35.9159849      -2.4378441      38.3538290
         8       500  0.1797  0.1797      34.3758061      -3.9043782      38.2801843
         8       550  0.1797  0.1792      34.6309929      -3.5403131      38.1713059
         8       600  0.1797  0.1797      36.2993358      -1.9727493      38.2720851
         8       650  0.1797  0.1801      37.0599457      -1.2930507      38.3529964
         8       700  0.1797  0.1794      36.3588589      -1.8532680      38.2121269
         8       750  0.1797  0.1793      37.3120730      -0.8700810      38.1821541
         8       800  0.1797  0.1796      37.6521384      -0.6037203      38.2558587
         8       850  0.1797  0.1797      36.9228569      -1.3478738      38.2707307
         8       900  0.1797  0.1796      36.8807967      -1.3635396      38.2443363
         8       950  0.1797  0.1798      37.8096716      -0.4900307      38.2997023
         8      1000  0.1797  0.1797      35.6783114      -2.5877673      38.2660786
         8      1050  0.1797  0.1798      36.0136158      -2.2877218      38.3013376
         8      1100  0.1797  0.1796      36.4094747      -1.8491108      38.2585856
         8      1150  0.1797  0.1794      35.9667116      -2.2512520      38.2179636
         8      1200  0.1797  0.1796      35.3590089      -2.9033261      38.2623350
         8      1250  0.1797  0.1792      36.1572599      -2.0079042      38.1651641
         8      1300  0.1797  0.1794      36.8912357      -1.3297390      38.2209746
         8      1350  0.1797  0.1794      36.7956730      -1.4261590      38.2218320
         8      1400  0.1797  0.1794      37.3601783      -0.8578686      38.2180469
         8      1450  0.1797  0.1799      37.9479620      -0.3704984      38.3184605
         8      1500  0.1797  0.1799      36.8349809      -1.4916336      38.3266145
         8      1550  0.1797  0.1797      37.7254907      -0.5594042      38.2848949
         8      1600  0.1797  0.1803      37.5480356      -0.8540917      38.4021273
         8      1650  0.1797  0.1795      37.0439052      -1.1967476      38.2406528
         8      1700  0.1797  0.1797      39.8662993       1.5929070      38.2733923
         8      1750  0.1797  0.1801      39.7917592       1.4364702      38.3552890
         8      1800  0.1797  0.1794      37.9860669      -0.2211833      38.2072502
         8      1850  0.1797  0.1795      38.0692038      -0.1540665      38.2232703
         8      1900  0.1797  0.1799      37.8634883      -0.4507354      38.3142237
         8      1950  0.1797  0.1791      36.4013336      -1.7543702      38.1557039
         8      2000  0.1797  0.1798      36.5986858      -1.6893174      38.2880031
         9        50  0.2053  0.2055      43.3329569      -0.4378242      43.7707810
         9       100  0.2053  0.2049      43.7015247       0.0504972      43.6510276
         9       150  0.2053  0.2054      43.4408831      -0.3174475      43.7583306
         9       200  0.2053  0.2052      43.4448164      -0.2691449      43.7139613
         9       250  0.2053  0.2047      44.0381157       0.4328080      43.6053077
         9       300  0.2053  0.2055      42.9478676      -0.8282461      43.7761137
         9       350  0.2053  0.2053      44.7542926       1.0171466      43.7371460
         9       400  0.2053  0.2051      44.7202207       1.0300098      43.6902109
         9       450  0.2053  0.2053      44.5691959       0.8496047      43.7195912
         9       500  0.2053  0.2055      45.4398612       1.6580735      43.7817877
         9       550  0.2053  0.2054      45.0823545       1.3386031      43.7437514
         9       600  0.2053  0.2054      43.3880900      -0.3712411      43.7593311
         9       650  0.2053  0.2054      44.0113800       0.2522286      43.7591514
         9       700  0.2053  0.2055      42.8812908      -0.8966304      43.7779212
         9       750  0.2053  0.2052      42.5021727      -1.1949445      43.6971172
         9       800  0.2053  0.2053      44.1988890       0.4651010      43.7337880
         9       850  0.2053  0.2053      45.0299145       1.2990978      43.7308167
         9       900  0.2053  0.2058      43.6947331      -0.1362030      43.8309361
         9       950  0.2053  0.2056      44.5986715       0.7992289      43.7994426
         9      1000  0.2053  0.2055      45.6879660       1.9270448      43.7609212
         9      1050  0.2053  0.2053      45.0556271       1.3370923      43.7185348
         9      1100  0.2053  0.2052      45.2962299       1.5987266      43.6975033
         9      1150  0.2053  0.2053      45.8848728       2.1585502      43.7263225
         9      1200  0.2053  0.2051      44.7269482       1.0418058      43.6851425
         9      1250  0.2053  0.2051      44.6269078       0.9406685      43.6862393
         9      1300  0.2053  0.2057      43.6132930      -0.2043338      43.8176268
         9      1350  0.2053  0.2051      44.6874197       0.9910901      43.6963296
         9      1400  0.2053  0.2052      45.9877611       2.2842129      43.7035482
         9      1450  0.2053  0.2053      45.3750384       1.6499563      43.7250821
         9      1500  0.2053  0.2054      44.6613924       0.9023314      43.7590610
         9      1550  0.2053  0.2056      44.1906995       0.3993468      43.7913527
         9      1600  0.2053  0.2055      46.0109384       2.2301896      43.7807488
         9      1650  0.2053  0.2051      44.6782692       0.9892773      43.6889919
         9      1700  0.2053  0.2055      45.5145695       1.7447273      43.7698422
         9      1750  0.2053  0.2056      46.6892380       2.8972707      43.7919672
         9      1800  0.2053  0.2051      47.6071415       3.9223979      43.6847436
         9      1850  0.2053  0.2051      45.4699477       1.7796489      43.6902988
         9      1900  0.2053  0.2053      45.8667955       2.1471961      43.7195994
         9      1950  0.2053  0.2057      46.0883940       2.2751229      43.8132711
         9      2000  0.2053  0.2052      45.2711722       1.5584966      43.7126756
        10        50  0.2310  0.2315      50.5449462       1.2383188      49.3066273
        10       100  0.2310  0.2308      52.6384706       3.4852607      49.1532099
        10       150  0.2310  0.2312      51.3929323       2.1422735      49.2506588
        10       200  0.2310  0.2306      50.4618984       1.3539348      49.1079635
        10       250  0.2310  0.2308      51.1281519       1.9631674      49.1649845
        10       300  0.2310  0.2314      50.1831087       0.8964802      49.2866285
        10       350  0.2310  0.2312      51.8984918       2.6602162      49.2382756
        10       400  0.2310  0.2310      52.0501013       2.8403626      49.2097387
        10       450  0.2310  0.2312      52.4836768       3.2277654      49.2559114
        10       500  0.2310  0.2306      52.9392791       3.8233952      49.1158838
        10       550  0.2310  0.2311      52.7172658       3.5027857      49.2144801
        10       600  0.2310  0.2310      52.3023759       3.0899916      49.2123844
        10       650  0.2310  0.2310      52.7545820       3.5550796      49.1995024
        10       700  0.2310  0.2311      52.4397485       3.2251799      49.2145686
        10       750  0.2310  0.2311      52.2012925       2.9828919      49.2184006
        10       800  0.2310  0.2310      52.1893161       2.9852252      49.2040909
        10       850  0.2310  0.2308      53.6331233       4.4707772      49.1623462
        10       900  0.2310  0.2307      53.3380727       4.1961088      49.1419639
        10       950  0.2310  0.2311      51.9975149       2.7696540      49.2278609
        10      1000  0.2310  0.2312      52.2429841       2.9947298      49.2482542
        10      1050  0.2310  0.2309      51.6642937       2.4813578      49.1829358
        10      1100  0.2310  0.2308      51.8614987       2.7031745      49.1583242
        10      1150  0.2310  0.2311      52.7647312       3.5373103      49.2274209
        10      1200  0.2310  0.2308      53.0230400       3.8597252      49.1633149
        10      1250  0.2310  0.2312      53.0018298       3.7631898      49.2386400
        10      1300  0.2310  0.2309      52.9927354       3.8117776      49.1809578
        10      1350  0.2310  0.2313      53.2365111       3.9775893      49.2589217
        10      1400  0.2310  0.2310      53.8720301       4.6743256      49.1977045
        10      1450  0.2310  0.2312      54.2784128       5.0419728      49.2364400
        10      1500  0.2310  0.2307      54.7455397       5.6154966      49.1300431
        10      1550  0.2310  0.2312      54.6460351       5.4106011      49.2354340
        10      1600  0.2310  0.2312      55.1888610       5.9504296      49.2384314
        10      1650  0.2310  0.2311      55.6898080       6.4647844      49.2250237
        10      1700  0.2310  0.2314      55.8980063       6.6173723      49.2806340
        10      1750  0.2310  0.2310      55.3830349       6.1781627      49.2048722
        10      1800  0.2310  0.2311      56.4002200       7.1729265      49.2272936
        10      1850  0.2310  0.2309      56.8404761       7.6632146      49.1772615
        10      1900  0.2310  0.2308      55.9119321       6.7569662      49.1549659
        10      1950  0.2310  0.2309      57.7576113       8.5857919      49.1718194
        10      2000  0.2310  0.2306      57.5808001       8.4642733      49.1165269
        11        50  0.2567  0.2564      63.0129039       8.3925872      54.6203167
        11       100  0.2567  0.2569      64.7570589      10.0274678      54.7295911
        11       150  0.2567  0.2562      63.3039770       8.7389155      54.5650615
        11       200  0.2567  0.2562      62.6296866       8.0619973      54.5676893
        11       250  0.2567  0.2568      63.1311856       8.4386762      54.6925094
        11       300  0.2567  0.2571      64.4416714       9.6841384      54.7575330
        11       350  0.2567  0.2568      65.2121849      10.5189542      54.6932307
        11       400  0.2567  0.2565      66.4749276      11.8308447      54.6440829
        11       450  0.2567  0.2569      65.0120785      10.2860293      54.7260492
        11       500  0.2567  0.2569      64.1774844       9.4583760      54.7191084
        11       550  0.2567  0.2569      64.7696800      10.0506988      54.7189812
        11       600  0.2567  0.2563      65.3729151      10.7839317      54.5889834
        11       650  0.2567  0.2565      64.7025339      10.0599040      54.6426298
        11       700  0.2567  0.2565      65.0028023      10.3641769      54.6386253
        11       750  0.2567  0.2572      63.4629119       8.6793845      54.7835274
        11       800  0.2567  0.2563      62.2485629       7.6528871      54.5956758
        11       850  0.2567  0.2569      63.1301560       8.4142320      54.7159240
        11       900  0.2567  0.2567      63.7069342       9.0316791      54.6752550
        11       950  0.2567  0.2563      64.0395504       9.4567869      54.5827635
        11      1000  0.2567  0.2569      63.8851163       9.1697150      54.7154013
        11      1050  0.2567  0.2573      65.4975601      10.6925448      54.8050153
        11      1100  0.2567  0.2566      65.0119600      10.3510498      54.6609102
        11      1150  0.2567  0.2565      65.9549270      11.3117590      54.6431680
        11      1200  0.2567  0.2563      67.4957473      12.9009391      54.5948082
        11      1250  0.2567  0.2564      66.3176819      11.7078816      54.6098003
        11      1300  0.2567  0.2562      66.5171197      11.9513423      54.5657774
        11      1350  0.2567  0.2574      67.7550182      12.9224756      54.8325426
        11      1400  0.2567  0.2566      67.2132545      12.5631387      54.6501158
        11      1450  0.2567  0.2568      69.1601526      14.4628973      54.6972553
        11      1500  0.2567  0.2564      67.0687236      12.4608271      54.6078964
        11      1550  0.2567  0.2564      67.3953590      12.7907693      54.6045897
        11      1600  0.2567  0.2567      68.1118005      13.4244901      54.6873103
        11      1650  0.2567  0.2572      67.9366835      13.1451101      54.7915734
        11      1700  0.2567  0.2566      69.0061668      14.3440350      54.6621318
        11      1750  0.2567  0.2559      68.9576671      14.4427525      54.5149147
        11      1800  0.2567  0.2568      68.7992016      14.0947272      54.7044744
        11      1850  0.2567  0.2567      69.5938077      14.9238379      54.6699698
        11      1900  0.2567  0.2562      70.2014190      15.6355410      54.5658780
        11      1950  0.2567  0.2565      70.1745506      15.5446974      54.6298532
        11      2000  0.2567  0.2573      70.5962912      15.7832135      54.8130777
        12        50  0.2823  0.2829      74.1843917      13.9270491      60.2573426
        12       100  0.2823  0.2822      76.2848113      16.1843072      60.1005041
        12       150  0.2823  0.2824      75.3331994      15.1811492      60.1520503
        12       200  0.2823  0.2824      73.6392909      13.4868169      60.1524740
        12       250  0.2823  0.2824      74.3707302      14.2274378      60.1432925
        12       300  0.2823  0.2823      73.0276718      12.9056593      60.1220125
        12       350  0.2823  0.2827      73.9693440      13.7521506      60.2171934
        12       400  0.2823  0.2825      74.7113030      14.5328716      60.1784315
        12       450  0.2823  0.2817      77.2681666      17.2762869      59.9918798
        12       500  0.2823  0.2822      75.4807967      15.3804900      60.1003067
        12       550  0.2823  0.2829      76.2943625      16.0420391      60.2523234
        12       600  0.2823  0.2820      74.8031084      14.7458457      60.0572627
        12       650  0.2823  0.2823      75.1970423      15.0570819      60.1399604
        12       700  0.2823  0.2826      76.1667988      15.9724345      60.1943644
        12       750  0.2823  0.2822      77.0065033      16.9008351      60.1056682
        12       800  0.2823  0.2822      78.2936136      18.1776679      60.1159457
        12       850  0.2823  0.2821      77.8310810      17.7489726      60.0821084
        12       900  0.2823  0.2819      77.6049394      17.5651728      60.0397665
        12       950  0.2823  0.2829      76.6120282      16.3529106      60.2591176
        12      1000  0.2823  0.2824      75.9315774      15.7792586      60.1523187
        12      1050  0.2823  0.2822      77.2603635      17.1609177      60.0994458
        12      1100  0.2823  0.2827      77.6950966      17.4753200      60.2197765
        12      1150  0.2823  0.2827      77.1559398      16.9319739      60.2239659
        12      1200  0.2823  0.2824      78.9447225      18.7859543      60.1587682
        12      1250  0.2823  0.2826      77.3733999      17.1772438      60.1961561
        12      1300  0.2823  0.2828      76.5673146      16.3397339      60.2275807
        12      1350  0.2823  0.2820      76.6707919      16.6046199      60.0661720
        12      1400  0.2823  0.2823      77.7599701      17.6389345      60.1210356
        12      1450  0.2823  0.2826      79.0060273      18.8211032      60.1849241
        12      1500  0.2823  0.2817      78.3688204      18.3601111      60.0087092
        12      1550  0.2823  0.2820      80.0435654      19.9817859      60.0617795
        12      1600  0.2823  0.2824      77.8705001      17.7164268      60.1540733
        12      1650  0.2823  0.2823      78.8994054      18.7720133      60.1273921
        12      1700  0.2823  0.2825      79.5619454      19.3971938      60.1647517
        12      1750  0.2823  0.2822      78.9944362      18.8885464      60.1058898
        12      1800  0.2823  0.2817      80.0692364      20.0678644      60.0013719
        12      1850  0.2823  0.2823      79.9194634      19.7882374      60.1312260
        12      1900  0.2823  0.2823      78.7133417      18.5756661      60.1376756
        12      1950  0.2823  0.2818      81.3056176      21.2759061      60.0297115
        12      2000  0.2823  0.2823      80.2769839      20.1427687      60.1342153
        13        50  0.3080  0.3084      86.5183025      20.8188795      65.6994230
        13       100  0.3080  0.3080      88.4253424      22.8153322      65.6100102
        13       150  0.3080  0.3076      88.9819566      23.4655661      65.5163905
        13       200  0.3080  0.3081      88.3361982      22.7197696      65.6164286
        13       250  0.3080  0.3075      89.8165124      24.3192671      65.4972453
        13       300  0.3080  0.3080      90.7005152      25.0971584      65.6033568
        13       350  0.3080  0.3085      89.2140885      23.5112188      65.7028697
        13       400  0.3080  0.3086      87.7898530      22.0638997      65.7259533
        13       450  0.3080  0.3080      89.3458267      23.7442699      65.6015568
        13       500  0.3080  0.3078      87.7452737      22.1779385      65.5673351
        13       550  0.3080  0.3079      87.9766206      22.3884381      65.5881824
        13       600  0.3080  0.3078      90.4549108      24.9000706      65.5548402
        13       650  0.3080  0.3077      88.8458275      23.3075794      65.5382481
        13       700  0.3080  0.3080      87.0782991      21.4745857      65.6037134
        13       750  0.3080  0.3084      90.1860122      24.5009450      65.6850671
        13       800  0.3080  0.3080      91.2503677      25.6513577      65.5990100
        13       850  0.3080  0.3082      92.4243076      26.7810621      65.6432455
        13       900  0.3080  0.3084      92.4598841      26.7776674      65.6822167
        13       950  0.3080  0.3073      91.9631825      26.5118338      65.4513487
        13      1000  0.3080  0.3080      89.9102538      24.3023457      65.6079081
        13      1050  0.3080  0.3075      90.2554770      24.7505587      65.5049183
        13      1100  0.3080  0.3080      92.1121067      26.5123154      65.5997912
        13      1150  0.3080  0.3076      89.6521196      24.1403709      65.5117487
        13      1200  0.3080  0.3084      91.4626200      25.7737619      65.6888582
        13      1250  0.3080  0.3082      91.0610280      25.4068589      65.6541691
        13      1300  0.3080  0.3075      89.3513621      23.8460371      65.5053249
        13      1350  0.3080  0.3080      89.7733805      24.1740670      65.5993135
        13      1400  0.3080  0.3081      90.5700365      24.9377084      65.6323281
        13      1450  0.3080  0.3081      90.1201816      24.4849359      65.6352457
        13      1500  0.3080  0.3087      91.3088127      25.5612671      65.7475456
        13      1550  0.3080  0.3082      92.2426995      26.5904107      65.6522888
        13      1600  0.3080  0.3082      89.5900444      23.9454467      65.6445977
        13      1650  0.3080  0.3079      89.2075446      23.6314814      65.5760632
        13      1700  0.3080  0.3080      91.4858558      25.8800186      65.6058372
        13      1750  0.3080  0.3078      90.5366116      24.9769370      65.5596746
        13      1800  0.3080  0.3078      91.3348961      25.7720829      65.5628133
        13      1850  0.3080  0.3077      91.2636485      25.7314467      65.5322018
        13      1900  0.3080  0.3075      90.9436002      25.4489562      65.4946440
        13      1950  0.3080  0.3079      92.2205629      26.6381393      65.5824236
        13      2000  0.3080  0.3077      91.9470330      26.4118824      65.5351506
        14        50  0.3337  0.3338      98.9828017      27.8915639      71.0912378
        14       100  0.3337  0.3342      97.6956950      26.5097110      71.1859840
        14       150  0.3337  0.3338      96.2474741      25.1451089      71.1023652
        14       200  0.3337  0.3341      96.8704860      25.7178185      71.1526675
        14       250  0.3337  0.3336      96.2195025      25.1547658      71.0647367
        14       300  0.3337  0.3335      97.4949044      26.4572984      71.0376060
        14       350  0.3337  0.3342      97.9343337      26.7428858      71.1914479
        14       400  0.3337  0.3338      96.2841492      25.1769881      71.1071611
        14       450  0.3337  0.3328      97.4557511      26.5670094      70.8887418
        14       500  0.3337  0.3337      95.2840567      24.2084147      71.0756420
        14       550  0.3337  0.3338      95.6305451      24.5221204      71.1084246
        14       600  0.3337  0.3335      98.2652302      27.2378194      71.0274108
        14       650  0.3337  0.3341      96.3680873      25.2116324      71.1564549
        14       700  0.3337  0.3336      96.0450398      24.9834462      71.0615936
        14       750  0.3337  0.3338      95.8855373      24.7967584      71.0887789
        14       800  0.3337  0.3336      95.5463170      24.4813867      71.0649303
        14       850  0.3337  0.3336      96.7182218      25.6633526      71.0548692
        14       900  0.3337  0.3336      96.1314323      25.0776278      71.0538045
        14       950  0.3337  0.3333      96.6097526      25.6111898      70.9985628
        14      1000  0.3337  0.3343      95.8159075      24.6067197      71.2091878
        14      1050  0.3337  0.3334      95.2258086      24.2159743      71.0098343
        14      1100  0.3337  0.3340      95.0853959      23.9536015      71.1317944
        14      1150  0.3337  0.3340      93.5156783      22.3817161      71.1339621
        14      1200  0.3337  0.3338      93.5272647      22.4335819      71.0936828
        14      1250  0.3337  0.3337      93.1443591      22.0680835      71.0762756
        14      1300  0.3337  0.3335      92.6626288      21.6351943      71.0274345
        14      1350  0.3337  0.3339      92.8139190      21.6925567      71.1213624
        14      1400  0.3337  0.3332      93.1818502      22.2186824      70.9631678
        14      1450  0.3337  0.3341      93.2491745      22.0876391      71.1615355
        14      1500  0.3337  0.3332      92.6553834      21.6749933      70.9803901
        14      1550  0.3337  0.3334      94.1916010      23.1879990      71.0036020
        14      1600  0.3337  0.3340      94.9752154      23.8391316      71.1360838
        14      1650  0.3337  0.3331      94.7337651      23.7801302      70.9536349
        14      1700  0.3337  0.3333      94.9002904      23.9044867      70.9958037
        14      1750  0.3337  0.3339      95.5668254      24.4365628      71.1302626
        14      1800  0.3337  0.3341      94.8162420      23.6627780      71.1534640
        14      1850  0.3337  0.3332      95.4773061      24.5020255      70.9752807
        14      1900  0.3337  0.3339      95.7612504      24.6334565      71.1277939
        14      1950  0.3337  0.3338      95.6157304      24.5146473      71.1010831
        14      2000  0.3337  0.3332      95.5272595      24.5463040      70.9809555
        15        50  0.3593  0.3594     103.3991833      26.8521119      76.5470714
        15       100  0.3593  0.3593     100.1386262      23.6090824      76.5295438
        15       150  0.3593  0.3586     101.9481207      25.5653265      76.3827942
        15       200  0.3593  0.3600     102.6549282      25.9848711      76.6700570
        15       250  0.3593  0.3599     101.1757423      24.5079441      76.6677982
        15       300  0.3593  0.3596     102.6800604      26.0916538      76.5884066
        15       350  0.3593  0.3593     102.6450999      26.1097741      76.5353258
        15       400  0.3593  0.3590     102.8723953      26.3977391      76.4746563
        15       450  0.3593  0.3589     103.6907215      27.2478445      76.4428770
        15       500  0.3593  0.3593     102.0704730      25.5343659      76.5361070
        15       550  0.3593  0.3596     101.0470423      24.4538546      76.5931877
        15       600  0.3593  0.3595     100.5753057      24.0016774      76.5736283
        15       650  0.3593  0.3594      99.9069665      23.3570084      76.5499582
        15       700  0.3593  0.3589     100.7810197      24.3311330      76.4498867
        15       750  0.3593  0.3589     101.6097889      25.1603774      76.4494115
        15       800  0.3593  0.3599     101.7703542      25.1094336      76.6609206
        15       850  0.3593  0.3595     102.2394928      25.6659915      76.5735013
        15       900  0.3593  0.3596     101.0958471      24.5077379      76.5881092
        15       950  0.3593  0.3588     101.9061207      25.4919171      76.4142036
        15      1000  0.3593  0.3592     100.9953816      24.4844862      76.5108954
        15      1050  0.3593  0.3603     100.6356437      23.8929308      76.7427129
        15      1100  0.3593  0.3591     100.9843657      24.4978739      76.4864918
        15      1150  0.3593  0.3595     100.2240579      23.6567679      76.5672900
        15      1200  0.3593  0.3591     100.9180124      24.4264668      76.4915455
        15      1250  0.3593  0.3585     100.9203963      24.5671578      76.3532385
        15      1300  0.3593  0.3594     100.8187584      24.2723162      76.5464422
        15      1350  0.3593  0.3595      99.2939055      22.7221218      76.5717837
        15      1400  0.3593  0.3595     100.1506671      23.5829672      76.5676998
        15      1450  0.3593  0.3600     100.8326588      24.1451312      76.6875276
        15      1500  0.3593  0.3597     102.9625886      26.3550413      76.6075473
        15      1550  0.3593  0.3587     102.3349011      25.9267406      76.4081605
        15      1600  0.3593  0.3594     101.1110600      24.5618917      76.5491684
        15      1650  0.3593  0.3593     102.9763375      26.4495915      76.5267460
        15      1700  0.3593  0.3587     103.1938064      26.7960332      76.3977733
        15      1750  0.3593  0.3589     102.7541417      26.3121815      76.4419602
        15      1800  0.3593  0.3595     105.9623922      29.3790630      76.5833292
        15      1850  0.3593  0.3593     103.9081629      27.3861763      76.5219866
        15      1900  0.3593  0.3589     105.4996332      29.0484701      76.4511631
        15      1950  0.3593  0.3591     104.4784880      27.9984338      76.4800542
        15      2000  0.3593  0.3593     106.3470492      29.8187154      76.5283338
        16        50  0.3850  0.3853     112.4656887      30.3938433      82.0718454
        16       100  0.3850  0.3855     111.1218602      29.0021747      82.1196855
        16       150  0.3850  0.3851     112.7547750      30.7296976      82.0250774
        16       200  0.3850  0.3840     110.4294154      28.6394846      81.7899308
        16       250  0.3850  0.3854     111.2749023      29.1780677      82.0968347
        16       300  0.3850  0.3861     111.8292470      29.5924920      82.2367550
        16       350  0.3850  0.3850     110.6839004      28.6876612      81.9962393
        16       400  0.3850  0.3848     112.6453636      30.6751303      81.9702333
        16       450  0.3850  0.3849     112.1787409      30.1966675      81.9820735
        16       500  0.3850  0.3852     112.1729118      30.1300518      82.0428600
        16       550  0.3850  0.3841     115.6785146      33.8579140      81.8206006
        16       600  0.3850  0.3848     114.2252972      32.2568132      81.9684840
        16       650  0.3850  0.3855     113.4193824      31.3075809      82.1118016
        16       700  0.3850  0.3854     118.1355716      36.0401878      82.0953838
        16       750  0.3850  0.3857     117.0956331      34.9452791      82.1503540
        16       800  0.3850  0.3842     115.8630941      34.0314579      81.8316362
        16       850  0.3850  0.3851     117.5657445      35.5380219      82.0277226
        16       900  0.3850  0.3851     117.0788345      35.0482919      82.0305427
        16       950  0.3850  0.3845     113.2365319      31.3380891      81.8984428
        16      1000  0.3850  0.3844     115.8984441      34.0112651      81.8871790
        16      1050  0.3850  0.3850     115.2820269      33.2710431      82.0109838
        16      1100  0.3850  0.3847     113.6409401      31.7098529      81.9310872
        16      1150  0.3850  0.3853     116.8938340      34.8161122      82.0777218
        16      1200  0.3850  0.3853     116.8177160      34.7454024      82.0723136
        16      1250  0.3850  0.3848     114.9787412      33.0188723      81.9598689
        16      1300  0.3850  0.3850     117.5204423      35.5256958      81.9947465
        16      1350  0.3850  0.3847     117.9487321      36.0024307      81.9463014
        16      1400  0.3850  0.3845     116.7261525      34.8203889      81.9057636
        16      1450  0.3850  0.3845     119.4276166      37.5384506      81.8891660
        16      1500  0.3850  0.3852     122.7105330      40.6534530      82.0570800
        16      1550  0.3850  0.3854     123.0177923      40.9317379      82.0860544
        16      1600  0.3850  0.3852     122.8179240      40.7598005      82.0581235
        16      1650  0.3850  0.3853     121.0171506      38.9395055      82.0776450
        16      1700  0.3850  0.3857     118.6531243      36.5056094      82.1475149
        16      1750  0.3850  0.3848     119.9983741      38.0408255      81.9575486
        16      1800  0.3850  0.3846     120.8686065      38.9456566      81.9229499
        16      1850  0.3850  0.3843     119.8124442      37.9607102      81.8517340
        16      1900  0.3850  0.3849     120.7053847      38.7232486      81.9821361
        16      1950  0.3850  0.3850     119.5711844      37.5748330      81.9963515
        16      2000  0.3850  0.3846     118.4954463      36.5656954      81.9297509
        17        50  0.4107  0.4106     127.7307718      40.2669199      87.4638519
        17       100  0.4107  0.4115     129.2511163      41.6088533      87.6422629
        17       150  0.4107  0.4110     127.9814049      40.4465660      87.5348389
        17       200  0.4107  0.4110     129.3004482      41.7579879      87.5424603
        17       250  0.4107  0.4114     131.1469915      43.5244207      87.6225708
        17       300  0.4107  0.4103     128.3024317      40.9165713      87.3858604
        17       350  0.4107  0.4102     129.6130236      42.2417101      87.3713135
        17       400  0.4107  0.4103     127.1956019      39.7951345      87.4004675
        17       450  0.4107  0.4093     127.4010690      40.2138574      87.1872116
        17       500  0.4107  0.4116     128.1386578      40.4578053      87.6808525
        17       550  0.4107  0.4110     126.1263365      38.5894937      87.5368427
        17       600  0.4107  0.4108     125.5565613      38.0488750      87.5076863
        17       650  0.4107  0.4111     124.3088125      36.7545024      87.5543101
        17       700  0.4107  0.4108     125.1760865      37.6662682      87.5098184
        17       750  0.4107  0.4109     123.2430090      35.7260338      87.5169752
        17       800  0.4107  0.4104     123.2112707      35.7996160      87.4116547
        17       850  0.4107  0.4104     123.8548969      36.4496339      87.4052630
        17       900  0.4107  0.4102     124.8999132      37.5356416      87.3642715
        17       950  0.4107  0.4101     126.0667407      38.7217828      87.3449579
        17      1000  0.4107  0.4103     127.9608997      40.5601239      87.4007758
        17      1050  0.4107  0.4114     128.2800554      40.6484478      87.6316077
        17      1100  0.4107  0.4104     128.3836244      40.9586551      87.4249693
        17      1150  0.4107  0.4106     131.5901206      44.1374621      87.4526585
        17      1200  0.4107  0.4112     130.8496957      43.2659211      87.5837746
        17      1250  0.4107  0.4113     129.5578164      41.9459380      87.6118784
        17      1300  0.4107  0.4104     130.6069620      43.1939408      87.4130212
        17      1350  0.4107  0.4104     129.4563842      42.0474612      87.4089229
        17      1400  0.4107  0.4109     129.0178220      41.4899341      87.5278879
        17      1450  0.4107  0.4099     126.2010852      38.9016951      87.2993900
        17      1500  0.4107  0.4103     131.5279570      44.1366868      87.3912702
        17      1550  0.4107  0.4106     132.7183193      45.2543793      87.4639400
        17      1600  0.4107  0.4102     133.7132880      46.3447235      87.3685646
        17      1650  0.4107  0.4109     131.4032864      43.8735273      87.5297591
        17      1700  0.4107  0.4101     131.4158986      44.0573311      87.3585675
        17      1750  0.4107  0.4119     131.9850884      44.2485317      87.7365566
        17      1800  0.4107  0.4109     133.2045928      45.6756348      87.5289580
        17      1850  0.4107  0.4106     134.4939211      47.0455909      87.4483302
        17      1900  0.4107  0.4103     133.6742662      46.2776218      87.3966444
        17      1950  0.4107  0.4106     133.4205400      45.9555260      87.4650140
        17      2000  0.4107  0.4105     134.8166390      47.3896947      87.4269443
        18        50  0.4363  0.4355     142.3533587      49.5960634      92.7572953
        18       100  0.4363  0.4365     143.1723775      50.1939439      92.9784336
        18       150  0.4363  0.4359     141.6405943      48.7842269      92.8563673
        18       200  0.4363  0.4365     140.4507901      47.4824021      92.9683880
        18       250  0.4363  0.4373     138.6741809      45.5350862      93.1390947
        18       300  0.4363  0.4367     138.0527642      45.0331463      93.0196179
        18       350  0.4363  0.4362     134.5621400      41.6567995      92.9053405
        18       400  0.4363  0.4362     133.3648960      40.4580090      92.9068869
        18       450  0.4363  0.4362     136.1179125      43.2019997      92.9159128
        18       500  0.4363  0.4361     136.7170921      43.8234083      92.8936838
        18       550  0.4363  0.4358     136.6614357      43.8313953      92.8300403
        18       600  0.4363  0.4369     137.7550350      44.6924692      93.0625658
        18       650  0.4363  0.4353     137.7100257      44.9810272      92.7289985
        18       700  0.4363  0.4371     141.6604110      48.5646116      93.0957994
        18       750  0.4363  0.4370     143.0637154      49.9886565      93.0750589
        18       800  0.4363  0.4366     142.9049069      49.9017341      93.0031728
        18       850  0.4363  0.4346     142.4906548      49.9122320      92.5784229
        18       900  0.4363  0.4374     144.4165053      51.2550871      93.1614181
        18       950  0.4363  0.4366     140.8881008      47.8835120      93.0045888
        18      1000  0.4363  0.4362     143.1076545      50.1888101      92.9188444
        18      1050  0.4363  0.4361     142.8812277      49.9872877      92.8939400
        18      1100  0.4363  0.4363     138.4660882      45.5404331      92.9256551
        18      1150  0.4363  0.4350     140.0798246      47.4242043      92.6556202
        18      1200  0.4363  0.4365     139.7403442      46.7731491      92.9671951
        18      1250  0.4363  0.4362     139.9401059      47.0332400      92.9068659
        18      1300  0.4363  0.4364     140.9796489      48.0200090      92.9596399
        18      1350  0.4363  0.4352     141.3363371      48.6345751      92.7017620
        18      1400  0.4363  0.4373     141.4561180      48.3176534      93.1384646
        18      1450  0.4363  0.4364     140.9935267      48.0332460      92.9602807
        18      1500  0.4363  0.4363     140.8703987      47.9425041      92.9278946
        18      1550  0.4363  0.4363     137.4427141      44.5026016      92.9401125
        18      1600  0.4363  0.4358     137.1047775      44.2734099      92.8313676
        18      1650  0.4363  0.4363     142.0062636      49.0806115      92.9256521
        18      1700  0.4363  0.4367     138.5678870      45.5556339      93.0122531
        18      1750  0.4363  0.4348     139.1013826      46.4895132      92.6118694
        18      1800  0.4363  0.4359     138.7785994      45.9280901      92.8505093
        18      1850  0.4363  0.4369     140.0808458      47.0248285      93.0560173
        18      1900  0.4363  0.4363     140.9327836      47.9944546      92.9383289
        18      1950  0.4363  0.4367     140.3033138      47.2836735      93.0196403
        18      2000  0.4363  0.4367     139.2163373      46.2052096      93.0111277
        19        50  0.4620  0.4622     147.0868192      48.6359298      98.4508894
        19       100  0.4620  0.4620     150.1707639      51.7728278      98.3979361
        19       150  0.4620  0.4614     149.0644415      50.7759261      98.2885154
        19       200  0.4620  0.4617     148.7468904      50.3991247      98.3477657
        19       250  0.4620  0.4631     149.2117256      50.5634804      98.6482452
        19       300  0.4620  0.4620     148.3485343      49.9469071      98.4016272
        19       350  0.4620  0.4628     148.4295319      49.8631336      98.5663984
        19       400  0.4620  0.4616     147.1242394      48.8023856      98.3218538
        19       450  0.4620  0.4616     149.1713558      50.8524795      98.3188763
        19       500  0.4620  0.4625     149.5941323      51.0907811      98.5033512
        19       550  0.4620  0.4616     148.5059502      50.1843802      98.3215700
        19       600  0.4620  0.4611     148.1956256      49.9770355      98.2185901
        19       650  0.4620  0.4616     148.8645497      50.5371939      98.3273558
        19       700  0.4620  0.4627     149.7765690      51.2283433      98.5482258
        19       750  0.4620  0.4619     148.4705145      50.0888739      98.3816406
        19       800  0.4620  0.4617     151.7178605      53.3749140      98.3429465
        19       850  0.4620  0.4617     147.9643873      49.6167345      98.3476528
        19       900  0.4620  0.4628     149.0312403      50.4546267      98.5766136
        19       950  0.4620  0.4629     150.5725804      51.9687116      98.6038689
        19      1000  0.4620  0.4617     151.1246180      52.7818068      98.3428113
        19      1050  0.4620  0.4612     149.2714662      51.0375458      98.2339204
        19      1100  0.4620  0.4632     148.8621930      50.2049018      98.6572913
        19      1150  0.4620  0.4615     150.6210107      52.3216608      98.2993498
        19      1200  0.4620  0.4619     149.8066076      51.4252262      98.3813814
        19      1250  0.4620  0.4618     147.2481256      48.8827612      98.3653644
        19      1300  0.4620  0.4623     145.3237058      46.8520084      98.4716973
        19      1350  0.4620  0.4624     149.5943868      51.0959977      98.4983891
        19      1400  0.4620  0.4619     148.9910275      50.6074281      98.3835994
        19      1450  0.4620  0.4624     146.7689236      48.2686154      98.5003082
        19      1500  0.4620  0.4616     146.1607005      47.8456090      98.3150915
        19      1550  0.4620  0.4625     146.4312729      47.9198768      98.5113960
        19      1600  0.4620  0.4614     150.1729947      51.9042614      98.2687333
        19      1650  0.4620  0.4614     151.3779457      53.0911009      98.2868448
        19      1700  0.4620  0.4632     148.6041118      49.9432384      98.6608734
        19      1750  0.4620  0.4619     151.1496456      52.7738233      98.3758223
        19      1800  0.4620  0.4622     153.8820087      55.4283471      98.4536617
        19      1850  0.4620  0.4617     150.8410612      52.5045913      98.3364699
        19      1900  0.4620  0.4608     151.1500846      52.9956733      98.1544114
        19      1950  0.4620  0.4620     151.3885692      52.9796841      98.4088851
        19      2000  0.4620  0.4624     154.6510708      56.1539074      98.4971634
        20        50  0.4877  0.4873     159.5477292      55.7476694     103.8000597
        20       100  0.4877  0.4882     158.2530780      54.2578090     103.9952690
        20       150  0.4877  0.4885     156.0888047      52.0428274     104.0459773
        20       200  0.4877  0.4877     156.4016098      52.5181665     103.8834433
        20       250  0.4877  0.4883     156.9302733      52.9263103     104.0039630
        20       300  0.4877  0.4872     157.1191153      53.3445395     103.7745758
        20       350  0.4877  0.4878     158.5824311      54.6869034     103.8955277
        20       400  0.4877  0.4879     156.5314372      52.6053778     103.9260594
        20       450  0.4877  0.4886     155.6270366      51.5497848     104.0772518
        20       500  0.4877  0.4887     155.2682685      51.1720597     104.0962088
        20       550  0.4877  0.4862     155.1970599      51.6350933     103.5619666
        20       600  0.4877  0.4876     156.9650649      53.1115160     103.8535489
        20       650  0.4877  0.4883     157.6705781      53.6600451     104.0105330
        20       700  0.4877  0.4869     160.3804199      56.6641572     103.7162626
        20       750  0.4877  0.4860     159.1556928      55.6447010     103.5109918
        20       800  0.4877  0.4880     156.5369954      52.5930008     103.9439947
        20       850  0.4877  0.4870     157.2259575      53.4905676     103.7353899
        20       900  0.4877  0.4869     157.3668002      53.6559759     103.7108243
        20       950  0.4877  0.4882     155.7408953      51.7548448     103.9860504
        20      1000  0.4877  0.4881     156.5472662      52.5795391     103.9677271
        20      1050  0.4877  0.4872     158.4310526      54.6660648     103.7649878
        20      1100  0.4877  0.4880     161.3125760      57.3778757     103.9347003
        20      1150  0.4877  0.4876     158.1601139      54.2961847     103.8639292
        20      1200  0.4877  0.4876     160.3992818      56.5497069     103.8495749
        20      1250  0.4877  0.4874     163.6334065      59.8119612     103.8214453
        20      1300  0.4877  0.4878     158.4662647      54.5641972     103.9020675
        20      1350  0.4877  0.4859     162.6150381      59.1108165     103.5042216
        20      1400  0.4877  0.4872     164.4838730      60.7178228     103.7660501
        20      1450  0.4877  0.4887     164.6834302      60.5999970     104.0834332
        20      1500  0.4877  0.4888     165.1686726      61.0628496     104.1058230
        20      1550  0.4877  0.4886     164.0647505      59.9876150     104.0771355
        20      1600  0.4877  0.4879     167.1556597      63.2347433     103.9209164
        20      1650  0.4877  0.4877     167.2635768      63.3935072     103.8700696
        20      1700  0.4877  0.4867     166.2611149      62.5861012     103.6750137
        20      1750  0.4877  0.4866     165.7013167      62.0554733     103.6458434
        20      1800  0.4877  0.4880     167.7383238      63.7907575     103.9475663
        20      1850  0.4877  0.4877     164.2879120      60.4165095     103.8714026
        20      1900  0.4877  0.4873     163.2588824      59.4575408     103.8013416
        20      1950  0.4877  0.4864     163.0731176      59.4594789     103.6136387
        20      2000  0.4877  0.4887     165.5540494      61.4555322     104.0985173
        21        50  0.5133  0.5136     169.7783033      60.3773521     109.4009512
        21       100  0.5133  0.5131     172.8376316      63.5408945     109.2967371
        21       150  0.5133  0.5132     175.2045254      65.8853803     109.3191451
        21       200  0.5133  0.5136     174.8665001      65.4648190     109.4016812
        21       250  0.5133  0.5129     175.4724827      66.2305469     109.2419359
        21       300  0.5133  0.5128     179.4930562      70.2674938     109.2255624
        21       350  0.5133  0.5139     180.0112363      70.5452085     109.4660278
        21       400  0.5133  0.5129     179.3584073      70.1155327     109.2428746
        21       450  0.5133  0.5126     181.2460356      72.0629360     109.1830996
        21       500  0.5133  0.5127     181.8302583      72.6214716     109.2087867
        21       550  0.5133  0.5137     183.3302180      73.9083559     109.4218621
        21       600  0.5133  0.5138     183.8352914      74.3975648     109.4377266
        21       650  0.5133  0.5134     185.1868336      75.8258762     109.3609575
        21       700  0.5133  0.5127     183.7745780      74.5742106     109.2003674
        21       750  0.5133  0.5128     184.4747508      75.2558961     109.2188547
        21       800  0.5133  0.5140     179.5653061      70.0791409     109.4861652
        21       850  0.5133  0.5131     178.2926673      69.0087039     109.2839633
        21       900  0.5133  0.5136     179.1702699      69.7715552     109.3987146
        21       950  0.5133  0.5137     181.0595990      71.6501630     109.4094360
        21      1000  0.5133  0.5130     180.0863321      70.8268616     109.2594705
        21      1050  0.5133  0.5123     180.4127958      71.2884881     109.1243077
        21      1100  0.5133  0.5131     180.8917199      71.5940570     109.2976629
        21      1150  0.5133  0.5137     180.2694907      70.8489915     109.4204992
        21      1200  0.5133  0.5132     178.6314020      69.3224097     109.3089923
        21      1250  0.5133  0.5137     180.4590594      71.0384379     109.4206214
        21      1300  0.5133  0.5129     181.2775650      72.0222618     109.2553032
        21      1350  0.5133  0.5134     180.0841815      70.7337905     109.3503910
        21      1400  0.5133  0.5131     180.9976555      71.7171302     109.2805253
        21      1450  0.5133  0.5126     182.9996643      73.8200986     109.1795657
        21      1500  0.5133  0.5133     184.2740072      74.9454077     109.3285995
        21      1550  0.5133  0.5124     180.1150542      70.9831696     109.1318846
        21      1600  0.5133  0.5139     181.5611334      72.1050989     109.4560345
        21      1650  0.5133  0.5137     180.0057547      70.5871724     109.4185824
        21      1700  0.5133  0.5138     182.4861119      73.0488593     109.4372526
        21      1750  0.5133  0.5126     180.5108812      71.3299544     109.1809269
        21      1800  0.5133  0.5120     183.2011955      74.1552177     109.0459778
        21      1850  0.5133  0.5135     183.1640298      73.7909096     109.3731202
        21      1900  0.5133  0.5139     186.6497861      77.1927553     109.4570308
        21      1950  0.5133  0.5140     185.9898119      76.5169676     109.4728442
        21      2000  0.5133  0.5130     184.1137014      74.8528717     109.2608297
        22        50  0.5390  0.5393     193.0046685      78.1283388     114.8763297
        22       100  0.5390  0.5390     189.9509754      75.1438236     114.8071517
        22       150  0.5390  0.5380     192.6536382      78.0596106     114.5940276
        22       200  0.5390  0.5393     193.8449829      78.9846535     114.8603294
        22       250  0.5390  0.5382     195.0480434      80.4103621     114.6376813
        22       300  0.5390  0.5382     191.6681510      77.0300225     114.6381284
        22       350  0.5390  0.5396     189.9085116      74.9659286     114.9425830
        22       400  0.5390  0.5396     193.1588440      78.2213332     114.9375107
        22       450  0.5390  0.5379     188.2641080      73.6901458     114.5739622
        22       500  0.5390  0.5410     192.1481625      76.9182176     115.2299449
        22       550  0.5390  0.5388     193.7303299      78.9563837     114.7739463
        22       600  0.5390  0.5400     192.4363613      77.4255567     115.0108046
        22       650  0.5390  0.5401     189.2207901      74.1871546     115.0336355
        22       700  0.5390  0.5385     190.3100328      75.6157332     114.6942996
        22       750  0.5390  0.5381     188.7940062      74.1682594     114.6257468
        22       800  0.5390  0.5390     191.1499723      76.3459644     114.8040079
        22       850  0.5390  0.5383     187.9899847      73.3400097     114.6499750
        22       900  0.5390  0.5386     190.0860625      75.3654633     114.7205992
        22       950  0.5390  0.5397     188.8582844      73.9039480     114.9543364
        22      1000  0.5390  0.5384     193.1049193      78.4210901     114.6838292
        22      1050  0.5390  0.5392     190.1964568      75.3539992     114.8424576
        22      1100  0.5390  0.5389     192.8271691      78.0509046     114.7762645
        22      1150  0.5390  0.5398     192.1701812      77.1995119     114.9706693
        22      1200  0.5390  0.5378     194.8691614      80.3074710     114.5616904
        22      1250  0.5390  0.5395     196.2527868      81.3318949     114.9208919
        22      1300  0.5390  0.5386     195.0373094      80.3087887     114.7285207
        22      1350  0.5390  0.5397     193.6531620      78.6940421     114.9591199
        22      1400  0.5390  0.5391     194.6440715      79.8101846     114.8338869
        22      1450  0.5390  0.5392     194.8632540      80.0175218     114.8457322
        22      1500  0.5390  0.5384     197.0559564      82.3794643     114.6764921
        22      1550  0.5390  0.5380     195.9936204      81.3945060     114.5991144
        22      1600  0.5390  0.5401     193.5096697      78.4734907     115.0361789
        22      1650  0.5390  0.5385     192.5116202      77.8154423     114.6961778
        22      1700  0.5390  0.5385     194.6605879      79.9514830     114.7091049
        22      1750  0.5390  0.5402     199.3224031      84.2579023     115.0645008
        22      1800  0.5390  0.5398     200.4960432      85.5216054     114.9744378
        22      1850  0.5390  0.5385     197.2663056      82.5600627     114.7062429
        22      1900  0.5390  0.5380     197.5398221      82.9384520     114.6013701
        22      1950  0.5390  0.5391     199.6163472      84.7974393     114.8189079
        22      2000  0.5390  0.5392     200.3187624      85.4782077     114.8405548
        23        50  0.5647  0.5652     205.1418573      84.7620913     120.3797660
        23       100  0.5647  0.5648     198.2067034      77.8972576     120.3094457
        23       150  0.5647  0.5643     198.6708382      78.4823714     120.1884668
        23       200  0.5647  0.5650     198.8334341      78.4838521     120.3495820
        23       250  0.5647  0.5650     199.2949443      78.9393411     120.3556032
        23       300  0.5647  0.5625     201.6566946      81.8469617     119.8097329
        23       350  0.5647  0.5637     203.9504389      83.8911863     120.0592527
        23       400  0.5647  0.5657     208.0633998      87.5643177     120.4990821
        23       450  0.5647  0.5649     209.7848729      89.4546149     120.3302580
        23       500  0.5647  0.5647     207.9082493      87.6254078     120.2828415
        23       550  0.5647  0.5640     209.2269677      89.1035521     120.1234157
        23       600  0.5647  0.5633     213.6447269      93.6576995     119.9870275
        23       650  0.5647  0.5660     212.0391535      91.4737589     120.5653947
        23       700  0.5647  0.5662     215.9187682      95.3186609     120.6001073
        23       750  0.5647  0.5655     208.7769027      88.3290930     120.4478096
        23       800  0.5647  0.5648     209.0578674      88.7614503     120.2964171
        23       850  0.5647  0.5644     211.3117416      91.0978105     120.2139312
        23       900  0.5647  0.5646     207.9102847      87.6541802     120.2561045
        23       950  0.5647  0.5651     204.6846190      84.3286413     120.3559777
        23      1000  0.5647  0.5631     206.7248672      86.7878416     119.9370255
        23      1050  0.5647  0.5658     201.9556104      81.4473405     120.5082699
        23      1100  0.5647  0.5624     203.4434970      83.6616532     119.7818438
        23      1150  0.5647  0.5648     203.6558819      83.3519430     120.3039389
        23      1200  0.5647  0.5643     203.9998009      83.7965263     120.2032746
        23      1250  0.5647  0.5657     207.4519285      86.9613451     120.4905834
        23      1300  0.5647  0.5650     208.9869511      88.6477781     120.3391730
        23      1350  0.5647  0.5647     214.8985330      94.6110765     120.2874566
        23      1400  0.5647  0.5658     212.2435089      91.7267970     120.5167119
        23      1450  0.5647  0.5641     205.8951135      85.7499575     120.1451560
        23      1500  0.5647  0.5653     205.8611363      85.4454588     120.4156774
        23      1550  0.5647  0.5651     205.0043573      84.6431271     120.3612302
        23      1600  0.5647  0.5631     209.2583944      89.3161905     119.9422039
        23      1650  0.5647  0.5648     206.2808596      85.9759170     120.3049426
        23      1700  0.5647  0.5652     206.9287012      86.5332336     120.3954676
        23      1750  0.5647  0.5655     206.3859740      85.9351410     120.4508331
        23      1800  0.5647  0.5639     204.6070523      84.5053129     120.1017394
        23      1850  0.5647  0.5652     203.8862814      83.4946059     120.3916756
        23      1900  0.5647  0.5643     205.1130439      84.9180628     120.1949811
        23      1950  0.5647  0.5630     207.5326407      87.6195676     119.9130731
        23      2000  0.5647  0.5651     214.4198190      94.0639551     120.3558638
        24        50  0.5903  0.5902     219.7612154      94.0563096     125.7049058
        24       100  0.5903  0.5902     219.7558927      94.0481906     125.7077021
        24       150  0.5903  0.5902     213.2868736      87.5824878     125.7043858
        24       200  0.5903  0.5910     214.0844581      88.2084283     125.8760297
        24       250  0.5903  0.5902     213.1468648      87.4292093     125.7176554
        24       300  0.5903  0.5918     215.8663526      89.8055018     126.0608507
        24       350  0.5903  0.5903     212.7618247      87.0269499     125.7348748
        24       400  0.5903  0.5908     209.9538862      84.1159505     125.8379357
        24       450  0.5903  0.5914     214.2152643      88.2424487     125.9728156
        24       500  0.5903  0.5912     207.9984589      82.0820697     125.9163892
        24       550  0.5903  0.5909     211.3829709      85.5291661     125.8538047
        24       600  0.5903  0.5887     210.6264433      85.2245584     125.4018849
        24       650  0.5903  0.5908     217.9325258      92.0933951     125.8391306
        24       700  0.5903  0.5908     214.1306787      88.2898148     125.8408639
        24       750  0.5903  0.5898     212.4385428      86.8071980     125.6313447
        24       800  0.5903  0.5894     213.6066048      88.0580882     125.5485166
        24       850  0.5903  0.5909     211.5413878      85.6804635     125.8609243
        24       900  0.5903  0.5900     207.9578768      82.2857347     125.6721420
        24       950  0.5903  0.5895     214.3779470      88.8150324     125.5629146
        24      1000  0.5903  0.5922     210.0542762      83.9183155     126.1359608
        24      1050  0.5903  0.5903     215.2969808      89.5671897     125.7297911
        24      1100  0.5903  0.5921     207.5144733      81.4029324     126.1115409
        24      1150  0.5903  0.5886     213.7677447      88.3913129     125.3764318
        24      1200  0.5903  0.5893     217.7712415      92.2579222     125.5133193
        24      1250  0.5903  0.5910     213.0441401      87.1552167     125.8889234
        24      1300  0.5903  0.5892     222.6876636      97.1970154     125.4906483
        24      1350  0.5903  0.5908     222.3775292      96.5287373     125.8487919
        24      1400  0.5903  0.5906     218.9573400      93.1601833     125.7971567
        24      1450  0.5903  0.5902     219.0427637      93.3337242     125.7090396
        24      1500  0.5903  0.5922     224.5306412      98.3957387     126.1349025
        24      1550  0.5903  0.5896     223.8843694      98.2894758     125.5948936
        24      1600  0.5903  0.5911     222.7413350      96.8272788     125.9140562
        24      1650  0.5903  0.5908     212.3212271      86.4808528     125.8403743
        24      1700  0.5903  0.5896     214.5771442      88.9835468     125.5935974
        24      1750  0.5903  0.5918     211.6600609      85.5997027     126.0603582
        24      1800  0.5903  0.5885     209.3609144      84.0057764     125.3551379
        24      1850  0.5903  0.5911     219.0154590      93.1162153     125.8992437
        24      1900  0.5903  0.5892     215.1119262      89.6090491     125.5028771
        24      1950  0.5903  0.5900     218.6479000      92.9738617     125.6740384
        24      2000  0.5903  0.5903     219.3288870      93.6020534     125.7268335
        25        50  0.6160  0.6183     223.5768676      91.8890576     131.6878099
        25       100  0.6160  0.6142     223.1881310      92.3636193     130.8245117
        25       150  0.6160  0.6178     221.6601551      90.0588758     131.6012793
        25       200  0.6160  0.6154     217.7193738      86.6390639     131.0803099
        25       250  0.6160  0.6151     221.8227470      90.7997319     131.0230151
        25       300  0.6160  0.6166     220.0151503      88.6705721     131.3445782
        25       350  0.6160  0.6162     214.7170230      83.4635048     131.2535182
        25       400  0.6160  0.6153     218.6844736      87.6192527     131.0652209
        25       450  0.6160  0.6153     220.2231174      89.1685886     131.0545288
        25       500  0.6160  0.6171     220.2426402      88.7932324     131.4494078
        25       550  0.6160  0.6164     220.8692290      89.5725443     131.2966846
        25       600  0.6160  0.6150     223.5202594      92.5338289     130.9864306
        25       650  0.6160  0.6158     227.8792847      96.7177203     131.1615645
        25       700  0.6160  0.6153     227.5365657      96.4729891     131.0635766
        25       750  0.6160  0.6165     222.1237498      90.8160272     131.3077226
        25       800  0.6160  0.6162     223.7481272      92.5033118     131.2448154
        25       850  0.6160  0.6172     224.7807482      93.3084438     131.4723044
        25       900  0.6160  0.6140     229.6419976      98.8547468     130.7872508
        25       950  0.6160  0.6158     227.1725890      96.0132502     131.1593388
        25      1000  0.6160  0.6176     226.8912740      95.3450281     131.5462459
        25      1050  0.6160  0.6172     223.2906496      91.8317454     131.4589042
        25      1100  0.6160  0.6160     220.3050836      89.0920989     131.2129847
        25      1150  0.6160  0.6140     220.6292901      89.8373113     130.7919788
        25      1200  0.6160  0.6160     224.9668426      93.7608822     131.2059604
        25      1250  0.6160  0.6155     221.8728630      90.7634380     131.1094250
        25      1300  0.6160  0.6155     219.1476916      88.0377742     131.1099174
        25      1350  0.6160  0.6153     218.9678570      87.9054298     131.0624272
        25      1400  0.6160  0.6161     216.8613682      85.6288863     131.2324819
        25      1450  0.6160  0.6160     218.9551641      87.7454810     131.2096831
        25      1500  0.6160  0.6178     217.3062211      85.7138207     131.5924005
        25      1550  0.6160  0.6148     216.5137045      85.5630988     130.9506057
        25      1600  0.6160  0.6169     217.7776633      86.3799347     131.3977286
        25      1650  0.6160  0.6156     224.8183357      93.6879819     131.1303538
        25      1700  0.6160  0.6179     223.3093372      91.7016041     131.6077331
        25      1750  0.6160  0.6166     217.3615423      86.0222551     131.3392872
        25      1800  0.6160  0.6166     218.1436156      86.8130570     131.3305586
        25      1850  0.6160  0.6138     219.5238193      88.7830199     130.7407995
        25      1900  0.6160  0.6159     224.6192558      93.4344123     131.1848435
        25      1950  0.6160  0.6165     219.3947462      88.0770954     131.3176508
        25      2000  0.6160  0.6165     219.1758846      87.8589838     131.3169008
