        25      61.2505       5.1400
        50      61.2260       5.1380
        75      61.2185       5.1373
       100      61.2117       5.1368
       125      61.2044       5.1362
       150      61.2189       5.1374
       175      61.2158       5.1371
       200      61.2197       5.1374
       225      61.2191       5.1374
       250      61.2245       5.1378
       275      61.2547       5.1404
       300      61.2477       5.1398
       325      61.2471       5.1397
       350      61.2687       5.1416
       375      61.3365       5.1472
       400      61.3956       5.1522
       425      61.4267       5.1548
       450      61.4561       5.1573
       475      61.4582       5.1575
       500      61.4669       5.1582
       525      61.4716       5.1586
       550      61.4907       5.1602
       575      61.5373       5.1641
       600      61.5968       5.1691
       625      61.6582       5.1742
       650      61.6709       5.1753
       675      61.6607       5.1744
       700      61.6240       5.1714
       725      61.6049       5.1698
       750      61.5976       5.1692
       775      61.5897       5.1685
       800      61.5818       5.1678
       825      61.6156       5.1707
       850      61.6724       5.1754
       875      61.7386       5.1810
       900      61.7449       5.1815
       925      61.7313       5.1804
       950      61.6984       5.1776
       975      61.6393       5.1727
      1000      61.6243       5.1714
      1025      61.6477       5.1734
      1050      61.6942       5.1773
      1075      61.7568       5.1825
      1100      61.7910       5.1854
      1125      61.8429       5.1897
      1150      61.8986       5.1944
      1175      61.9371       5.1976
      1200      61.9662       5.2001
      1225      61.9699       5.2004
      1250      61.9812       5.2013
      1275      61.9905       5.2021
      1300      61.9874       5.2019
      1325      61.9785       5.2011
      1350      61.9521       5.1989
      1375      61.9576       5.1994
      1400      61.9410       5.1980
      1425      61.9325       5.1973
      1450      61.9051       5.1950
      1475      61.8857       5.1933
      1500      61.8637       5.1915
      1525      61.8213       5.1879
      1550      61.7932       5.1856
      1575      61.7761       5.1841
      1600      61.7715       5.1838
      1625      61.7549       5.1824
      1650      61.7172       5.1792
      1675      61.6833       5.1764
      1700      61.6530       5.1738
      1725      61.6306       5.1719
      1750      61.6018       5.1695
      1775      61.6032       5.1696
      1800      61.6243       5.1714
      1825      61.6567       5.1741
      1850      61.6853       5.1765
      1875      61.6728       5.1755
      1900      61.6575       5.1742
      1925      61.6277       5.1717
      1950      61.6185       5.1709
      1975      61.6454       5.1732
      2000      61.6691       5.1752
