         1        50  0.0010  0.0007     -23.3499513     -23.5033950       0.1534437
         1       100  0.0010  0.0007     -23.3426105     -23.4864468       0.1438362
         1       150  0.0010  0.0006     -23.3426787     -23.4733088       0.1306302
         1       200  0.0010  0.0006     -23.3353200     -23.4598501       0.1245301
         1       250  0.0010  0.0006     -23.3265886     -23.4575357       0.1309471
         1       300  0.0010  0.0006     -23.3269258     -23.4577418       0.1308160
         1       350  0.0010  0.0007     -23.3120752     -23.4527002       0.1406249
         1       400  0.0010  0.0007     -23.2953933     -23.4520832       0.1566899
         1       450  0.0010  0.0007     -23.2907910     -23.4398872       0.1490961
         1       500  0.0010  0.0007     -23.2825607     -23.4321644       0.1496038
         1       550  0.0010  0.0007     -23.2759630     -23.4276228       0.1516598
         1       600  0.0010  0.0008     -23.2652533     -23.4273992       0.1621459
         1       650  0.0010  0.0007     -23.2570955     -23.4135896       0.1564940
         1       700  0.0010  0.0008     -23.2521580     -23.4160286       0.1638706
         1       750  0.0010  0.0007     -23.2508400     -23.4099850       0.1591450
         1       800  0.0010  0.0008     -23.2369303     -23.4099169       0.1729866
         1       850  0.0010  0.0008     -23.2374461     -23.3990209       0.1615748
         1       900  0.0010  0.0007     -23.2464909     -23.4007054       0.1542145
         1       950  0.0010  0.0007     -23.2486016     -23.4064967       0.1578951
         1      1000  0.0010  0.0008     -23.2444879     -23.4129467       0.1684589
         1      1050  0.0010  0.0007     -23.2554093     -23.4037205       0.1483113
         1      1100  0.0010  0.0007     -23.2502416     -23.4025169       0.1522753
         1      1150  0.0010  0.0007     -23.2405097     -23.3988365       0.1583268
         1      1200  0.0010  0.0008     -23.2383549     -23.4114460       0.1730910
         1      1250  0.0010  0.0008     -23.2324801     -23.4013304       0.1688503
         1      1300  0.0010  0.0008     -23.2292460     -23.4102530       0.1810071
         1      1350  0.0010  0.0008     -23.2188888     -23.3858109       0.1669222
         1      1400  0.0010  0.0008     -23.2127818     -23.3874486       0.1746668
         1      1450  0.0010  0.0008     -23.2096604     -23.3891462       0.1794858
         1      1500  0.0010  0.0008     -23.2091787     -23.3782159       0.1690372
         1      1550  0.0010  0.0008     -23.2036757     -23.3679732       0.1642974
         1      1600  0.0010  0.0009     -23.2035376     -23.3858624       0.1823249
         1      1650  0.0010  0.0009     -23.1939765     -23.3791493       0.1851727
         1      1700  0.0010  0.0009     -23.1848773     -23.3853330       0.2004557
         1      1750  0.0010  0.0009     -23.1823309     -23.3814454       0.1991145
         1      1800  0.0010  0.0010     -23.1813112     -23.3870685       0.2057574
         1      1850  0.0010  0.0009     -23.1831217     -23.3671549       0.1840332
         1      1900  0.0010  0.0009     -23.1847700     -23.3737468       0.1889768
         1      1950  0.0010  0.0009     -23.1800197     -23.3746141       0.1945944
         1      2000  0.0010  0.0009     -23.1709044     -23.3629268       0.1920223
         2        50  0.0257  0.0159     -17.7726600     -21.1525624       3.3799024
         2       100  0.0257  0.0148     -17.5673413     -20.7233329       3.1559916
         2       150  0.0257  0.0154     -17.3618528     -20.6412122       3.2793594
         2       200  0.0257  0.0170     -16.9360048     -20.5559929       3.6199881
         2       250  0.0257  0.0182     -16.6355052     -20.5066719       3.8711667
         2       300  0.0257  0.0180     -16.7430592     -20.5857975       3.8427383
         2       350  0.0257  0.0163     -16.5949269     -20.0564708       3.4615439
         2       400  0.0257  0.0166     -16.4612226     -20.0034136       3.5421910
         2       450  0.0257  0.0177     -16.3227838     -20.0850413       3.7622575
         2       500  0.0257  0.0185     -16.3631196     -20.3105654       3.9474459
         2       550  0.0257  0.0168     -16.1596849     -19.7375767       3.5778918
         2       600  0.0257  0.0178     -15.8917802     -19.6748057       3.7830255
         2       650  0.0257  0.0206     -15.5441209     -19.9225670       4.3784461
         2       700  0.0257  0.0209     -15.2241432     -19.6788578       4.4547147
         2       750  0.0257  0.0219     -15.1371622     -19.8020460       4.6648838
         2       800  0.0257  0.0195     -15.1538006     -19.3155065       4.1617059
         2       850  0.0257  0.0202     -15.0356667     -19.3333895       4.2977228
         2       900  0.0257  0.0212     -15.3193211     -19.8289861       4.5096649
         2       950  0.0257  0.0241     -14.9715688     -20.0972056       5.1256368
         2      1000  0.0257  0.0209     -14.6472523     -19.0892023       4.4419500
         2      1050  0.0257  0.0231     -14.4982948     -19.4265981       4.9283032
         2      1100  0.0257  0.0235     -14.2635146     -19.2646171       5.0011025
         2      1150  0.0257  0.0255     -14.1360045     -19.5569085       5.4209041
         2      1200  0.0257  0.0235     -13.9904312     -18.9908558       5.0004246
         2      1250  0.0257  0.0234     -13.9235385     -18.9132288       4.9896903
         2      1300  0.0257  0.0229     -13.9673494     -18.8466267       4.8792773
         2      1350  0.0257  0.0210     -13.9275470     -18.3967436       4.4691965
         2      1400  0.0257  0.0215     -14.1866348     -18.7698048       4.5831700
         2      1450  0.0257  0.0229     -14.0635597     -18.9372696       4.8737099
         2      1500  0.0257  0.0232     -13.6738858     -18.6169760       4.9430902
         2      1550  0.0257  0.0226     -13.4942614     -18.3138133       4.8195519
         2      1600  0.0257  0.0238     -13.7993026     -18.8716942       5.0723915
         2      1650  0.0257  0.0227     -13.8332370     -18.6592468       4.8260098
         2      1700  0.0257  0.0200     -13.9646508     -18.2341615       4.2695107
         2      1750  0.0257  0.0243     -13.7223416     -18.9027845       5.1804430
         2      1800  0.0257  0.0234     -13.6116508     -18.6049609       4.9933101
         2      1850  0.0257  0.0246     -13.4237346     -18.6635074       5.2397728
         2      1900  0.0257  0.0277     -13.3229512     -19.2289895       5.9060383
         2      1950  0.0257  0.0246     -13.5398736     -18.7835397       5.2436661
         2      2000  0.0257  0.0242     -13.6871784     -18.8476176       5.1604393
         3        50  0.0513  0.0406      -7.7973679     -16.4489087       8.6515408
         3       100  0.0513  0.0410      -7.2596525     -15.9885495       8.7288970
         3       150  0.0513  0.0417      -7.1326120     -16.0049657       8.8723537
         3       200  0.0513  0.0401      -6.9111801     -15.4485481       8.5373680
         3       250  0.0513  0.0398      -6.2456743     -14.7267396       8.4810653
         3       300  0.0513  0.0429      -6.1524245     -15.2853900       9.1329655
         3       350  0.0513  0.0422      -5.7903034     -14.7834498       8.9931464
         3       400  0.0513  0.0424      -5.2289827     -14.2507076       9.0217248
         3       450  0.0513  0.0444      -4.9921661     -14.4410339       9.4488678
         3       500  0.0513  0.0459      -4.5917179     -14.3732786       9.7815607
         3       550  0.0513  0.0438      -4.2721426     -13.5976852       9.3255426
         3       600  0.0513  0.0467      -3.8901974     -13.8433417       9.9531444
         3       650  0.0513  0.0516      -3.8545373     -14.8417231      10.9871858
         3       700  0.0513  0.0480      -3.3434818     -13.5687622      10.2252803
         3       750  0.0513  0.0515      -3.5827298     -14.5568737      10.9741439
         3       800  0.0513  0.0511      -3.6908640     -14.5730303      10.8821663
         3       850  0.0513  0.0508      -3.3599709     -14.1899525      10.8299816
         3       900  0.0513  0.0534      -2.9496146     -14.3287484      11.3791338
         3       950  0.0513  0.0485      -3.6464657     -13.9687974      10.3223317
         3      1000  0.0513  0.0461      -3.6402953     -13.4692881       9.8289928
         3      1050  0.0513  0.0476      -3.7562978     -13.8995023      10.1432044
         3      1100  0.0513  0.0508      -3.4391025     -14.2575990      10.8184965
         3      1150  0.0513  0.0473      -2.8527372     -12.9229835      10.0702463
         3      1200  0.0513  0.0479      -2.7614392     -12.9718492      10.2104101
         3      1250  0.0513  0.0502      -2.3909907     -13.0938350      10.7028443
         3      1300  0.0513  0.0497      -1.8113973     -12.3962530      10.5848557
         3      1350  0.0513  0.0483      -1.9347221     -12.2253904      10.2906683
         3      1400  0.0513  0.0507      -2.1839097     -12.9746253      10.7907156
         3      1450  0.0513  0.0466      -2.0218484     -11.9456358       9.9237874
         3      1500  0.0513  0.0486      -1.8491439     -12.1996952      10.3505513
         3      1550  0.0513  0.0481      -1.7740150     -12.0198392      10.2458242
         3      1600  0.0513  0.0509      -1.7625295     -12.5956131      10.8330836
         3      1650  0.0513  0.0472      -2.6200551     -12.6840966      10.0640415
         3      1700  0.0513  0.0459      -3.2334539     -13.0004478       9.7669939
         3      1750  0.0513  0.0512      -3.2961894     -14.1927015      10.8965121
         3      1800  0.0513  0.0461      -3.2215677     -13.0384233       9.8168556
         3      1850  0.0513  0.0478      -2.5806111     -12.7709345      10.1903235
         3      1900  0.0513  0.0532      -1.5586730     -12.8852997      11.3266268
         3      1950  0.0513  0.0570      -1.9643845     -14.1041009      12.1397164
         3      2000  0.0513  0.0522      -2.3585499     -13.4770515      11.1185016
         4        50  0.0770  0.0680       2.9150103     -11.5771437      14.4921540
         4       100  0.0770  0.0560       2.1117582      -9.8268347      11.9385928
         4       150  0.0770  0.0649       2.8997719     -10.9207564      13.8205283
         4       200  0.0770  0.0684       3.2264145     -11.3380274      14.5644419
         4       250  0.0770  0.0670       3.3552355     -10.9094439      14.2646794
         4       300  0.0770  0.0652       3.6367366     -10.2455412      13.8822778
         4       350  0.0770  0.0662       4.0974485      -9.9953261      14.0927746
         4       400  0.0770  0.0640       3.3635650     -10.2622631      13.6258281
         4       450  0.0770  0.0703       3.8469603     -11.1273946      14.9743549
         4       500  0.0770  0.0680       4.0374562     -10.4436563      14.4811125
         4       550  0.0770  0.0639       4.2187562      -9.3967389      13.6154951
         4       600  0.0770  0.0616       4.5178817      -8.6057518      13.1236335
         4       650  0.0770  0.0663       4.4468817      -9.6783290      14.1252107
         4       700  0.0770  0.0626       4.9197901      -8.4153652      13.3351553
         4       750  0.0770  0.0647       5.2097546      -8.5685628      13.7783174
         4       800  0.0770  0.0682       6.0013388      -8.5194489      14.5207877
         4       850  0.0770  0.0737       6.3171502      -9.3889499      15.7061001
         4       900  0.0770  0.0686       7.0617541      -7.5598334      14.6215874
         4       950  0.0770  0.0762       6.8025127      -9.4303251      16.2328379
         4      1000  0.0770  0.0768       7.4411358      -8.9111367      16.3522724
         4      1050  0.0770  0.0740       7.2784134      -8.4750164      15.7534298
         4      1100  0.0770  0.0768       7.1224795      -9.2372472      16.3597267
         4      1150  0.0770  0.0736       7.5946583      -8.0804656      15.6751239
         4      1200  0.0770  0.0770       8.1601912      -8.2507769      16.4109681
         4      1250  0.0770  0.0718       8.7226622      -6.5729167      15.2955789
         4      1300  0.0770  0.0698       8.8857281      -5.9866395      14.8723676
         4      1350  0.0770  0.0793       9.6603019      -7.2390831      16.8993850
         4      1400  0.0770  0.0790       9.5715302      -7.2448749      16.8164051
         4      1450  0.0770  0.0773       8.5075139      -7.9484324      16.4559463
         4      1500  0.0770  0.0797       7.9525201      -9.0336578      16.9861779
         4      1550  0.0770  0.0713       7.5469413      -7.6420350      15.1889763
         4      1600  0.0770  0.0775       8.4180134      -8.0893433      16.5073567
         4      1650  0.0770  0.0780       8.6934081      -7.9181724      16.6115805
         4      1700  0.0770  0.0797       9.2556203      -7.7112221      16.9668423
         4      1750  0.0770  0.0823       9.7339488      -7.7893106      17.5232593
         4      1800  0.0770  0.0833      10.0462921      -7.6886864      17.7349785
         4      1850  0.0770  0.0722      10.5325428      -4.8369518      15.3694946
         4      1900  0.0770  0.0794      10.3452659      -6.5585708      16.9038367
         4      1950  0.0770  0.0814       9.6392321      -7.7001645      17.3393966
         4      2000  0.0770  0.0691       8.5252123      -6.1940700      14.7192823
         5        50  0.1027  0.0935      15.3533574      -4.5682341      19.9215914
         5       100  0.1027  0.0945      15.7622909      -4.3740815      20.1363723
         5       150  0.1027  0.0922      15.5152354      -4.1181953      19.6334307
         5       200  0.1027  0.0938      15.4708220      -4.5134546      19.9842766
         5       250  0.1027  0.0979      17.0999024      -3.7569946      20.8568969
         5       300  0.1027  0.0923      16.8180696      -2.8411414      19.6592110
         5       350  0.1027  0.0930      16.3197252      -3.4850488      19.8047740
         5       400  0.1027  0.0874      16.2014735      -2.4175652      18.6190387
         5       450  0.1027  0.1022      16.4402070      -5.3264708      21.7666777
         5       500  0.1027  0.0892      16.8551866      -2.1533963      19.0085828
         5       550  0.1027  0.0937      16.9793384      -2.9889655      19.9683039
         5       600  0.1027  0.0964      16.3785239      -4.1510087      20.5295326
         5       650  0.1027  0.1007      17.2096664      -4.2435032      21.4531696
         5       700  0.1027  0.1128      17.9841650      -6.0358069      24.0199719
         5       750  0.1027  0.0965      17.6443634      -2.9031089      20.5474722
         5       800  0.1027  0.0988      17.8847668      -3.1698658      21.0546326
         5       850  0.1027  0.0985      17.4962694      -3.4903137      20.9865830
         5       900  0.1027  0.0988      17.2374778      -3.8108828      21.0483606
         5       950  0.1027  0.0965      16.9558001      -3.6091395      20.5649396
         5      1000  0.1027  0.0927      16.0739264      -3.6622698      19.7361963
         5      1050  0.1027  0.0929      16.4224611      -3.3657371      19.7881982
         5      1100  0.1027  0.0971      16.8076393      -3.8709076      20.6785468
         5      1150  0.1027  0.1006      17.6492684      -3.7862031      21.4354715
         5      1200  0.1027  0.0910      17.2915620      -2.0880450      19.3796069
         5      1250  0.1027  0.1003      17.4414136      -3.9294909      21.3709045
         5      1300  0.1027  0.1074      16.9951323      -5.8866541      22.8817863
         5      1350  0.1027  0.0954      17.1999510      -3.1229903      20.3229412
         5      1400  0.1027  0.1023      18.7200630      -3.0687992      21.7888622
         5      1450  0.1027  0.0936      18.6345824      -1.2974671      19.9320496
         5      1500  0.1027  0.1012      18.6839988      -2.8713742      21.5553729
         5      1550  0.1027  0.0966      17.8815932      -2.6935853      20.5751784
         5      1600  0.1027  0.0906      17.6412319      -1.6656432      19.3068751
         5      1650  0.1027  0.0984      17.1349531      -3.8210370      20.9559902
         5      1700  0.1027  0.0928      16.8439021      -2.9305847      19.7744868
         5      1750  0.1027  0.1054      17.8694288      -4.5790812      22.4485100
         5      1800  0.1027  0.1025      17.9703954      -3.8684220      21.8388174
         5      1850  0.1027  0.1033      18.0920359      -3.9024774      21.9945133
         5      1900  0.1027  0.0964      17.6991021      -2.8313149      20.5304170
         5      1950  0.1027  0.1025      17.6004394      -4.2330868      21.8335262
         5      2000  0.1027  0.0980      18.1745071      -2.7019080      20.8764151
         6        50  0.1283  0.1283      25.6762210      -1.6443057      27.3205267
         6       100  0.1283  0.1253      25.9914915      -0.6912060      26.6826975
         6       150  0.1283  0.1310      25.3739011      -2.5318243      27.9057254
         6       200  0.1283  0.1206      25.8090997       0.1241503      25.6849493
         6       250  0.1283  0.1318      26.1965944      -1.8802864      28.0768809
         6       300  0.1283  0.1196      25.7074530       0.2385892      25.4688638
         6       350  0.1283  0.1190      26.6444174       1.3072136      25.3372038
         6       400  0.1283  0.1189      26.0422648       0.7263168      25.3159480
         6       450  0.1283  0.1297      26.4613450      -1.1580738      27.6194188
         6       500  0.1283  0.1151      26.0917204       1.5676248      24.5240957
         6       550  0.1283  0.1229      27.7902535       1.6046854      26.1855681
         6       600  0.1283  0.1200      26.8715284       1.3153983      25.5561301
         6       650  0.1283  0.1293      27.5598839       0.0121201      27.5477638
         6       700  0.1283  0.1217      28.5400342       2.6264441      25.9135901
         6       750  0.1283  0.1225      27.4988133       1.4000051      26.0988081
         6       800  0.1283  0.1078      26.5329636       3.5638424      22.9691212
         6       850  0.1283  0.1194      25.6308786       0.1925571      25.4383215
         6       900  0.1283  0.1217      24.7723134      -1.1501517      25.9224650
         6       950  0.1283  0.1119      25.1901055       1.3517002      23.8384053
         6      1000  0.1283  0.1318      26.3315506      -1.7351054      28.0666561
         6      1050  0.1283  0.1151      25.2165679       0.6998527      24.5167152
         6      1100  0.1283  0.1075      25.1081835       2.2191940      22.8889894
         6      1150  0.1283  0.1088      24.8816083       1.7167278      23.1648805
         6      1200  0.1283  0.1113      24.5412628       0.8251479      23.7161148
         6      1250  0.1283  0.1017      24.1301237       2.4684724      21.6616513
         6      1300  0.1283  0.1112      23.1749482      -0.5206180      23.6955662
         6      1350  0.1283  0.1198      24.0098915      -1.5153190      25.5252105
         6      1400  0.1283  0.1072      22.9009478       0.0655786      22.8353693
         6      1450  0.1283  0.1033      22.5947761       0.5827547      22.0120214
         6      1500  0.1283  0.1122      23.6753903      -0.2262838      23.9016741
         6      1550  0.1283  0.1153      23.9145749      -0.6358314      24.5504062
         6      1600  0.1283  0.1201      24.3291478      -1.2519906      25.5811384
         6      1650  0.1283  0.1159      25.3870028       0.7037435      24.6832593
         6      1700  0.1283  0.1282      26.0792124      -1.2276255      27.3068379
         6      1750  0.1283  0.1224      26.7237449       0.6509006      26.0728443
         6      1800  0.1283  0.1245      26.4051411      -0.1036184      26.5087594
         6      1850  0.1283  0.1153      26.7594204       2.1971456      24.5622749
         6      1900  0.1283  0.1212      26.7306382       0.9245674      25.8060708
         6      1950  0.1283  0.1199      25.9712819       0.4342742      25.5370077
         6      2000  0.1283  0.1116      26.4897035       2.7214979      23.7682056
         7        50  0.1540  0.1430      35.9454324       5.4830665      30.4623659
         7       100  0.1540  0.1501      36.6193827       4.6548735      31.9645092
         7       150  0.1540  0.1450      36.2046442       5.3188672      30.8857770
         7       200  0.1540  0.1403      36.1571515       6.2816545      29.8754970
         7       250  0.1540  0.1304      35.4152328       7.6402550      27.7749777
         7       300  0.1540  0.1425      37.4582633       7.1064515      30.3518119
         7       350  0.1540  0.1474      36.4910996       5.0966338      31.3944658
         7       400  0.1540  0.1336      36.4495732       8.0019614      28.4476118
         7       450  0.1540  0.1454      37.7056404       6.7388872      30.9667532
         7       500  0.1540  0.1514      39.2010269       6.9503662      32.2506606
         7       550  0.1540  0.1460      39.1573863       8.0689534      31.0884329
         7       600  0.1540  0.1538      39.1233205       6.3563319      32.7669885
         7       650  0.1540  0.1590      39.3723336       5.4985876      33.8737461
         7       700  0.1540  0.1481      39.6261805       8.0805708      31.5456097
         7       750  0.1540  0.1516      40.7614926       8.4631915      32.2983011
         7       800  0.1540  0.1567      42.7625292       9.3945286      33.3680007
         7       850  0.1540  0.1495      43.1084333      11.2747388      31.8336945
         7       900  0.1540  0.1473      42.0649803      10.6923506      31.3726297
         7       950  0.1540  0.1603      42.1583421       8.0072757      34.1510664
         7      1000  0.1540  0.1485      41.5532956       9.9125490      31.6407466
         7      1050  0.1540  0.1513      42.3135210      10.0815046      32.2320164
         7      1100  0.1540  0.1481      42.5546217      11.0160049      31.5386168
         7      1150  0.1540  0.1674      44.2036928       8.5430444      35.6606484
         7      1200  0.1540  0.1606      44.9119199      10.6960865      34.2158335
         7      1250  0.1540  0.1593      44.7229693      10.7970532      33.9259160
         7      1300  0.1540  0.1844      45.2564031       5.9811619      39.2752413
         7      1350  0.1540  0.1415      44.2453252      14.1071453      30.1381799
         7      1400  0.1540  0.1577      44.9264385      11.3390867      33.5873518
         7      1450  0.1540  0.1598      46.6319805      12.5981013      34.0338792
         7      1500  0.1540  0.1658      46.4351038      11.1281635      35.3069403
         7      1550  0.1540  0.1610      46.5285942      12.2361676      34.2924266
         7      1600  0.1540  0.1621      46.2515473      11.7224883      34.5290590
         7      1650  0.1540  0.1741      47.1466769      10.0627989      37.0838779
         7      1700  0.1540  0.1637      49.0197499      14.1542306      34.8655193
         7      1750  0.1540  0.1836      49.2026114      10.0876832      39.1149283
         7      1800  0.1540  0.1657      49.2447724      13.9503595      35.2944129
         7      1850  0.1540  0.1570      46.6073933      13.1738848      33.4335084
         7      1900  0.1540  0.1656      44.7906596       9.5213519      35.2693077
         7      1950  0.1540  0.1810      45.1857631       6.6287121      38.5570510
         7      2000  0.1540  0.1542      44.7480965      11.8981182      32.8499782
         8        50  0.1797  0.1897      50.1037959       9.7008617      40.4029342
         8       100  0.1797  0.1623      48.2413330      13.6812923      34.5600407
         8       150  0.1797  0.1612      46.0046125      11.6631166      34.3414959
         8       200  0.1797  0.1712      47.6842235      11.2096194      36.4746041
         8       250  0.1797  0.1693      48.0104462      11.9527121      36.0577341
         8       300  0.1797  0.1741      48.5288015      11.4497572      37.0790443
         8       350  0.1797  0.1783      50.0332871      12.0477543      37.9855328
         8       400  0.1797  0.1718      50.0348927      13.4356252      36.5992675
         8       450  0.1797  0.1688      49.6463410      13.6875483      35.9587927
         8       500  0.1797  0.1690      49.0559878      13.0609957      35.9949921
         8       550  0.1797  0.1847      50.0150713      10.6778783      39.3371930
         8       600  0.1797  0.1815      50.4428918      11.7851468      38.6577450
         8       650  0.1797  0.1757      48.8750493      11.4457050      37.4293443
         8       700  0.1797  0.1769      48.9034044      11.2301997      37.6732046
         8       750  0.1797  0.1802      50.6211422      12.2429820      38.3781602
         8       800  0.1797  0.1675      49.4766061      13.7960788      35.6805274
         8       850  0.1797  0.1761      50.3785602      12.8771689      37.5013913
         8       900  0.1797  0.1669      51.9555028      16.3963128      35.5591900
         8       950  0.1797  0.1805      50.8712147      12.4195801      38.4516345
         8      1000  0.1797  0.1751      50.7192591      13.4179580      37.3013011
         8      1050  0.1797  0.1826      51.9247838      13.0237415      38.9010423
         8      1100  0.1797  0.1737      51.7624984      14.7584174      37.0040810
         8      1150  0.1797  0.1902      50.4722084       9.9701090      40.5020995
         8      1200  0.1797  0.1651      50.6236628      15.4621723      35.1614905
         8      1250  0.1797  0.1795      51.0273380      12.7899638      38.2373742
         8      1300  0.1797  0.1719      50.5334333      13.9155944      36.6178389
         8      1350  0.1797  0.1844      50.2114093      10.9436192      39.2677901
         8      1400  0.1797  0.1717      48.9439283      12.3780349      36.5658934
         8      1450  0.1797  0.1628      46.6748820      12.0077676      34.6671144
         8      1500  0.1797  0.1647      47.2986872      12.2186815      35.0800057
         8      1550  0.1797  0.1492      45.4198882      13.6507740      31.7691141
         8      1600  0.1797  0.1600      46.7154736      12.6391970      34.0762766
         8      1650  0.1797  0.1553      44.1762529      11.1023005      33.0739524
         8      1700  0.1797  0.1570      44.1010828      10.6537581      33.4473248
         8      1750  0.1797  0.1626      44.1266940       9.5005032      34.6261908
         8      1800  0.1797  0.1513      44.3656552      12.1318345      32.2338208
         8      1850  0.1797  0.1703      42.6497168       6.3653388      36.2843779
         8      1900  0.1797  0.1651      43.1608311       7.9865187      35.1743123
         8      1950  0.1797  0.1568      44.6689729      11.2673470      33.4016259
         8      2000  0.1797  0.1639      44.7129199       9.7962455      34.9166744
         9        50  0.2053  0.2120      56.2812427      11.1255287      45.1557140
         9       100  0.2053  0.1833      55.4239614      16.3799306      39.0440308
         9       150  0.2053  0.1873      56.1757849      16.2735241      39.9022608
         9       200  0.2053  0.1876      57.1513750      17.1876262      39.9637488
         9       250  0.2053  0.1858      58.5828912      19.0157089      39.5671823
         9       300  0.2053  0.1887      60.3258407      20.1323302      40.1935105
         9       350  0.2053  0.1822      59.7319147      20.9232937      38.8086210
         9       400  0.2053  0.2027      59.0489537      15.8727819      43.1761719
         9       450  0.2053  0.1977      57.6074766      15.4977315      42.1097451
         9       500  0.2053  0.2060      60.0289176      16.1601417      43.8687759
         9       550  0.2053  0.1869      59.8380593      20.0312494      39.8068100
         9       600  0.2053  0.2107      59.6356237      14.7610971      44.8745266
         9       650  0.2053  0.1939      58.9515275      17.6500703      41.3014572
         9       700  0.2053  0.2162      59.6982160      13.6500357      46.0481803
         9       750  0.2053  0.1936      59.6978073      18.4627793      41.2350280
         9       800  0.2053  0.2096      62.3716909      17.7246403      44.6470506
         9       850  0.2053  0.2003      60.7484481      18.0893777      42.6590704
         9       900  0.2053  0.1860      59.4634901      19.8376604      39.6258297
         9       950  0.2053  0.2017      62.3207803      19.3591493      42.9616310
         9      1000  0.2053  0.2074      65.8850717      21.7177570      44.1673147
         9      1050  0.2053  0.2189      64.9656646      18.3301515      46.6355131
         9      1100  0.2053  0.2133      65.7975798      20.3625484      45.4350313
         9      1150  0.2053  0.2155      65.0108175      19.1110179      45.8997996
         9      1200  0.2053  0.2025      63.0620051      19.9367398      43.1252653
         9      1250  0.2053  0.2126      62.1429934      16.8592951      45.2836983
         9      1300  0.2053  0.2008      62.9132899      20.1462208      42.7670692
         9      1350  0.2053  0.2118      65.5239068      20.4029520      45.1209548
         9      1400  0.2053  0.1998      64.9244095      22.3579339      42.5664756
         9      1450  0.2053  0.1973      62.8345664      20.8146517      42.0199147
         9      1500  0.2053  0.1920      62.8920546      21.9864657      40.9055889
         9      1550  0.2053  0.2012      61.2833630      18.4360251      42.8473379
         9      1600  0.2053  0.1856      58.8668673      19.3386974      39.5281699
         9      1650  0.2053  0.2006      60.7818452      18.0474401      42.7344050
         9      1700  0.2053  0.2018      60.8938556      17.9026179      42.9912377
         9      1750  0.2053  0.1930      56.6385927      15.5329070      41.1056856
         9      1800  0.2053  0.1826      57.8875629      18.9899265      38.8976364
         9      1850  0.2053  0.2016      59.3172102      16.3861581      42.9310520
         9      1900  0.2053  0.1861      57.4492493      17.8126336      39.6366157
         9      1950  0.2053  0.1961      55.3437466      13.5649611      41.7787855
         9      2000  0.2053  0.1824      53.3525223      14.5097245      38.8427977
        10        50  0.2310  0.2133      64.2153575      18.7788755      45.4364820
        10       100  0.2310  0.2076      63.7825216      19.5738528      44.2086688
        10       150  0.2310  0.1949      61.1709573      19.6479519      41.5230055
        10       200  0.2310  0.1900      60.8507671      20.3725201      40.4782471
        10       250  0.2310  0.2094      64.0891731      19.4926791      44.5964941
        10       300  0.2310  0.2107      62.7946603      17.9188894      44.8757709
        10       350  0.2310  0.1958      61.9203422      20.2102504      41.7100917
        10       400  0.2310  0.2024      64.2375698      21.1163379      43.1212320
        10       450  0.2310  0.2102      66.0528850      21.2780507      44.7748344
        10       500  0.2310  0.2117      63.8636402      18.7729355      45.0907047
        10       550  0.2310  0.1950      64.2272966      22.6869795      41.5403171
        10       600  0.2310  0.2147      66.4279325      20.6940157      45.7339168
        10       650  0.2310  0.2144      68.0438997      22.3797714      45.6641283
        10       700  0.2310  0.2286      68.6918525      20.0009032      48.6909493
        10       750  0.2310  0.2098      69.0749212      24.3960127      44.6789084
        10       800  0.2310  0.1986      68.9855235      26.6936522      42.2918713
        10       850  0.2310  0.2382      72.8605409      22.1138877      50.7466531
        10       900  0.2310  0.2311      73.2446338      24.0189987      49.2256351
        10       950  0.2310  0.2492      72.9424087      19.8718994      53.0705092
        10      1000  0.2310  0.2154      72.0039351      26.1337097      45.8702254
        10      1050  0.2310  0.2288      72.9103570      24.1848875      48.7254695
        10      1100  0.2310  0.2273      74.2671366      25.8544903      48.4126462
        10      1150  0.2310  0.2254      75.6671137      27.6481632      48.0189505
        10      1200  0.2310  0.2493      76.2488394      23.1494594      53.0993800
        10      1250  0.2310  0.2271      77.9353784      29.5685798      48.3667986
        10      1300  0.2310  0.2311      78.3860437      29.1589850      49.2270586
        10      1350  0.2310  0.2588      76.9095710      21.7886499      55.1209211
        10      1400  0.2310  0.2506      76.4909396      23.1123999      53.3785397
        10      1450  0.2310  0.2238      76.3056240      28.6468702      47.6587539
        10      1500  0.2310  0.2292      74.9535542      26.1318797      48.8216746
        10      1550  0.2310  0.2233      73.7027696      26.1399742      47.5627954
        10      1600  0.2310  0.2242      72.1239222      24.3735889      47.7503333
        10      1650  0.2310  0.2214      72.0991220      24.9437363      47.1553857
        10      1700  0.2310  0.2178      73.0673960      26.6749910      46.3924050
        10      1750  0.2310  0.2304      72.2842497      23.2164809      49.0677688
        10      1800  0.2310  0.2207      69.0750752      22.0683643      47.0067109
        10      1850  0.2310  0.2232      69.8428735      22.3090178      47.5338558
        10      1900  0.2310  0.2185      70.3543678      23.8168399      46.5375280
        10      1950  0.2310  0.2096      69.9078544      25.2626482      44.6452062
        10      2000  0.2310  0.2134      69.9713404      24.5168359      45.4545045
        11        50  0.2567  0.2301      78.2019482      29.1990782      49.0028700
        11       100  0.2567  0.2420      78.9565561      27.4026776      51.5538785
        11       150  0.2567  0.2368      80.7079992      30.2766325      50.4313667
        11       200  0.2567  0.2376      81.6229728      31.0140858      50.6088870
        11       250  0.2567  0.2361      80.7977480      30.5111317      50.2866162
        11       300  0.2567  0.2476      78.7446066      26.0082467      52.7363599
        11       350  0.2567  0.2451      79.8516730      27.6542180      52.1974550
        11       400  0.2567  0.2274      80.1410926      31.6949137      48.4461789
        11       450  0.2567  0.2348      81.2786808      31.2610224      50.0176584
        11       500  0.2567  0.2138      82.2720243      36.7413484      45.5306759
        11       550  0.2567  0.2389      82.8354285      31.9554900      50.8799386
        11       600  0.2567  0.2326      85.4335261      35.8978107      49.5357155
        11       650  0.2567  0.2594      86.3737494      31.1299342      55.2438152
        11       700  0.2567  0.2279      84.1117879      35.5597586      48.5520294
        11       750  0.2567  0.2467      81.9265456      29.3762802      52.5502654
        11       800  0.2567  0.2389      82.6687058      31.7845707      50.8841351
        11       850  0.2567  0.2169      80.7101747      34.5124513      46.1977234
        11       900  0.2567  0.2464      82.1692607      29.6767527      52.4925080
        11       950  0.2567  0.2410      83.4402656      32.1121004      51.3281652
        11      1000  0.2567  0.2464      84.2709805      31.7777934      52.4931871
        11      1050  0.2567  0.2370      84.5941645      34.1085222      50.4856422
        11      1100  0.2567  0.2508      86.6998846      33.2875417      53.4123429
        11      1150  0.2567  0.2590      87.3591293      32.1881709      55.1709584
        11      1200  0.2567  0.2768      87.5092666      28.5458975      58.9633690
        11      1250  0.2567  0.2615      87.8151712      32.1097802      55.7053909
        11      1300  0.2567  0.2566      87.7999503      33.1536623      54.6462880
        11      1350  0.2567  0.2674      87.7375632      30.7761856      56.9613776
        11      1400  0.2567  0.2666      86.6220067      29.8402267      56.7817800
        11      1450  0.2567  0.2509      84.2841528      30.8345754      53.4495773
        11      1500  0.2567  0.2589      85.0184896      29.8733250      55.1451647
        11      1550  0.2567  0.2706      85.3268827      27.6896787      57.6372039
        11      1600  0.2567  0.2582      83.7073767      28.7020872      55.0052895
        11      1650  0.2567  0.2517      84.4481699      30.8281348      53.6200352
        11      1700  0.2567  0.2696      81.4183133      23.9909687      57.4273445
        11      1750  0.2567  0.2327      82.6526710      33.0973215      49.5553495
        11      1800  0.2567  0.2548      82.3504461      28.0740184      54.2764277
        11      1850  0.2567  0.2699      80.3782192      22.8857358      57.4924834
        11      1900  0.2567  0.2640      80.6276749      24.3913120      56.2363630
        11      1950  0.2567  0.2453      80.1903171      27.9418034      52.2485137
        11      2000  0.2567  0.2503      82.3600264      29.0504490      53.3095774
        12        50  0.2823  0.2734      89.1374613      30.9086984      58.2287630
        12       100  0.2823  0.2820      91.4096256      31.3492611      60.0603645
        12       150  0.2823  0.2870      92.3481105      31.2246044      61.1235061
        12       200  0.2823  0.2622      92.4962863      36.6370968      55.8591895
        12       250  0.2823  0.2845      94.9564197      34.3555679      60.6008518
        12       300  0.2823  0.2647      95.7068812      39.3359565      56.3709247
        12       350  0.2823  0.2795      92.7340720      33.1948734      59.5391985
        12       400  0.2823  0.2673      93.3062182      36.3722317      56.9339865
        12       450  0.2823  0.2927      93.8235005      31.4721089      62.3513916
        12       500  0.2823  0.2865      94.6100896      33.5766314      61.0334582
        12       550  0.2823  0.2670      97.9496860      41.0802270      56.8694590
        12       600  0.2823  0.2768      96.1810947      37.2292967      58.9517980
        12       650  0.2823  0.2895      95.7566055      34.0899852      61.6666204
        12       700  0.2823  0.2950      98.3350349      35.5006784      62.8343565
        12       750  0.2823  0.2610      96.7482428      41.1552503      55.5929924
        12       800  0.2823  0.2882      97.4157651      36.0208284      61.3949367
        12       850  0.2823  0.2840      95.5524034      35.0689353      60.4834681
        12       900  0.2823  0.2843      93.8229950      33.2776414      60.5453536
        12       950  0.2823  0.2628      94.4614424      38.4773043      55.9841381
        12      1000  0.2823  0.2781     100.1178482      40.8874068      59.2304413
        12      1050  0.2823  0.2673     100.0514673      43.1163143      56.9351530
        12      1100  0.2823  0.2826      99.0810904      38.8801684      60.2009220
        12      1150  0.2823  0.2889      97.3554462      35.8282786      61.5271676
        12      1200  0.2823  0.2624      96.4024409      40.5034249      55.8990160
        12      1250  0.2823  0.2850      97.8433758      37.1421613      60.7012145
        12      1300  0.2823  0.2818      99.2678438      39.2356248      60.0322190
        12      1350  0.2823  0.2774      99.9600832      40.8809320      59.0791512
        12      1400  0.2823  0.3148     100.6952241      33.6363100      67.0589141
        12      1450  0.2823  0.2638      98.0516406      41.8660206      56.1856200
        12      1500  0.2823  0.2847      99.3084007      38.6730053      60.6353954
        12      1550  0.2823  0.2839      98.8142784      38.3402409      60.4740375
        12      1600  0.2823  0.2816      97.0315434      37.0461387      59.9854047
        12      1650  0.2823  0.2857      97.0828372      36.2354193      60.8474179
        12      1700  0.2823  0.2949     100.7907079      37.9815734      62.8091345
        12      1750  0.2823  0.2737     102.1675802      43.8766149      58.2909653
        12      1800  0.2823  0.2914     102.2345581      40.1738151      62.0607429
        12      1850  0.2823  0.2798     100.8228504      41.2256967      59.5971537
        12      1900  0.2823  0.2969     101.6573992      38.4116184      63.2457808
        12      1950  0.2823  0.2762      98.9257866      40.0945906      58.8311959
        12      2000  0.2823  0.2928     100.6506051      38.2885209      62.3620841
        13        50  0.3080  0.2932     104.7824453      42.3222457      62.4601996
        13       100  0.3080  0.2965     106.4812629      43.3199561      63.1613068
        13       150  0.3080  0.3082     108.9349276      43.2961619      65.6387658
        13       200  0.3080  0.3199     108.9541205      40.8097013      68.1444192
        13       250  0.3080  0.3399     111.3127553      38.9164352      72.3963201
        13       300  0.3080  0.3298     112.2213474      41.9725225      70.2488249
        13       350  0.3080  0.3302     113.6114927      43.2789556      70.3325371
        13       400  0.3080  0.3190     113.5041719      45.5471758      67.9569961
        13       450  0.3080  0.3307     114.5611015      44.1251854      70.4359161
        13       500  0.3080  0.3138     116.8868010      50.0430872      66.8437139
        13       550  0.3080  0.3290     117.0064808      46.9297012      70.0767796
        13       600  0.3080  0.3210     113.3583534      44.9747117      68.3836417
        13       650  0.3080  0.3138     112.4204537      45.5891547      66.8312990
        13       700  0.3080  0.3239     116.5459130      47.5525657      68.9933473
        13       750  0.3080  0.3318     118.3039927      47.6277475      70.6762453
        13       800  0.3080  0.3200     116.1343475      47.9677561      68.1665914
        13       850  0.3080  0.3309     114.1485204      43.6700308      70.4784896
        13       900  0.3080  0.3191     113.3889844      45.4208787      67.9681057
        13       950  0.3080  0.3209     116.3651010      48.0063285      68.3587724
        13      1000  0.3080  0.3028     116.2810038      51.7785078      64.5024960
        13      1050  0.3080  0.3207     111.2521115      42.9488225      68.3032891
        13      1100  0.3080  0.2924     111.5404398      49.2667389      62.2737009
        13      1150  0.3080  0.3128     112.4013584      45.7778916      66.6234668
        13      1200  0.3080  0.3077     115.7557303      50.2227504      65.5329799
        13      1250  0.3080  0.2976     112.3133013      48.9234846      63.3898167
        13      1300  0.3080  0.2963     111.2025917      48.0998523      63.1027395
        13      1350  0.3080  0.2990     112.4071319      48.7107266      63.6964052
        13      1400  0.3080  0.3136     113.0579638      46.2654703      66.7924935
        13      1450  0.3080  0.2875     116.1020655      54.8595455      61.2425200
        13      1500  0.3080  0.3162     116.5954946      49.2480214      67.3474732
        13      1550  0.3080  0.3178     116.8463578      49.1606058      67.6857520
        13      1600  0.3080  0.3359     118.6176645      47.0662788      71.5513857
        13      1650  0.3080  0.2929     119.3512131      56.9701433      62.3810698
        13      1700  0.3080  0.3237     120.9750372      52.0208542      68.9541830
        13      1750  0.3080  0.3317     118.4720249      47.8298282      70.6421967
        13      1800  0.3080  0.3117     120.9341737      54.5430859      66.3910878
        13      1850  0.3080  0.3283     120.6262655      50.7039990      69.9222665
        13      1900  0.3080  0.3290     120.6864914      50.6010438      70.0854476
        13      1950  0.3080  0.3583     119.8826550      43.5599709      76.3226841
        13      2000  0.3080  0.3239     117.5368397      48.5502837      68.9865560
        14        50  0.3337  0.3452     118.7884591      45.2711174      73.5173417
        14       100  0.3337  0.2822     115.1428321      55.0422601      60.1005720
        14       150  0.3337  0.3262     118.1751883      48.6951474      69.4800410
        14       200  0.3337  0.3264     118.5122304      48.9856543      69.5265761
        14       250  0.3337  0.2944     114.8296941      52.1167353      62.7129587
        14       300  0.3337  0.3058     118.7675197      53.6291422      65.1383775
        14       350  0.3337  0.3192     119.9188446      51.9304940      67.9883506
        14       400  0.3337  0.3416     120.6672425      47.9147528      72.7524897
        14       450  0.3337  0.3411     120.3559715      47.7090886      72.6468829
        14       500  0.3337  0.3400     119.2440713      46.8219298      72.4221415
        14       550  0.3337  0.3037     113.2571185      48.5787661      64.6783524
        14       600  0.3337  0.3120     113.3720261      46.9217901      66.4502360
        14       650  0.3337  0.3025     113.0771477      48.6475462      64.4296015
        14       700  0.3337  0.3205     110.5677321      42.3110998      68.2566323
        14       750  0.3337  0.3103     108.6275335      42.5393694      66.0881642
        14       800  0.3337  0.3034     112.8168285      48.2018810      64.6149474
        14       850  0.3337  0.3289     114.8151072      44.7536657      70.0614415
        14       900  0.3337  0.3187     117.0872692      49.1991176      67.8881516
        14       950  0.3337  0.2823     111.9902956      51.8532184      60.1370772
        14      1000  0.3337  0.2926     112.6320972      50.3157677      62.3163295
        14      1050  0.3337  0.2955     112.6333515      49.6938027      62.9395488
        14      1100  0.3337  0.2847     112.9362951      52.3051213      60.6311737
        14      1150  0.3337  0.3073     115.1082587      49.6603462      65.4479125
        14      1200  0.3337  0.2797     111.5308275      51.9515010      59.5793265
        14      1250  0.3337  0.3036     111.3023503      46.6325439      64.6698064
        14      1300  0.3337  0.2990     115.6176925      51.9397318      63.6779607
        14      1350  0.3337  0.3418     116.3909527      43.5929940      72.7979587
        14      1400  0.3337  0.3281     114.8596469      44.9753270      69.8843200
        14      1450  0.3337  0.3121     114.0769149      47.5926350      66.4842799
        14      1500  0.3337  0.3043     112.5691866      47.7450328      64.8241538
        14      1550  0.3337  0.2967     111.1354831      47.9434372      63.1920459
        14      1600  0.3337  0.3061     111.8569014      46.6559023      65.2009992
        14      1650  0.3337  0.2763     110.6816060      51.8229771      58.8586289
        14      1700  0.3337  0.3270     112.2345086      42.5830411      69.6514676
        14      1750  0.3337  0.3212     117.5580549      49.1525856      68.4054693
        14      1800  0.3337  0.3524     120.7372390      45.6830313      75.0542077
        14      1850  0.3337  0.3217     119.9734452      51.4595970      68.5138482
        14      1900  0.3337  0.3103     116.1936082      50.0948073      66.0988008
        14      1950  0.3337  0.2911     112.9609524      50.9540619      62.0068905
        14      2000  0.3337  0.2863     112.0697007      51.0816351      60.9880656
        15        50  0.3593  0.3345     129.4169564      58.1618501      71.2551063
        15       100  0.3593  0.3115     130.7746066      64.4281269      66.3464797
        15       150  0.3593  0.3598     132.7453800      56.1075830      76.6377971
        15       200  0.3593  0.3436     131.6358603      58.4451699      73.1906905
        15       250  0.3593  0.3947     133.7191992      49.6497202      84.0694790
        15       300  0.3593  0.3458     131.6917998      58.0437974      73.6480024
        15       350  0.3593  0.3502     134.4964231      59.9143422      74.5820809
        15       400  0.3593  0.3442     132.8897175      59.5722194      73.3174981
        15       450  0.3593  0.3379     131.7716590      59.7911896      71.9804694
        15       500  0.3593  0.3386     130.9774205      58.8662458      72.1111747
        15       550  0.3593  0.3529     130.3686458      55.1916451      75.1770006
        15       600  0.3593  0.3417     132.9751970      60.1863688      72.7888282
        15       650  0.3593  0.3444     132.0834297      58.7281887      73.3552410
        15       700  0.3593  0.3313     127.5794159      57.0199511      70.5594648
        15       750  0.3593  0.3658     127.6848993      49.7650667      77.9198326
        15       800  0.3593  0.3480     130.9088563      56.7887997      74.1200566
        15       850  0.3593  0.3581     129.0229005      52.7509550      76.2719455
        15       900  0.3593  0.3212     125.7307230      57.3051889      68.4255341
        15       950  0.3593  0.3405     129.0218260      56.4896520      72.5321740
        15      1000  0.3593  0.3222     125.7559349      57.1210644      68.6348706
        15      1050  0.3593  0.3230     126.4982585      57.7048335      68.7934250
        15      1100  0.3593  0.3275     123.5268019      53.7610639      69.7657380
        15      1150  0.3593  0.3115     123.8044496      57.4632411      66.3412085
        15      1200  0.3593  0.3122     119.1539831      52.6569021      66.4970810
        15      1250  0.3593  0.3095     121.1814283      55.2607899      65.9206384
        15      1300  0.3593  0.3374     124.0381358      52.1625886      71.8755472
        15      1350  0.3593  0.3226     123.7593550      55.0380736      68.7212814
        15      1400  0.3593  0.3400     127.5512101      55.1209286      72.4302815
        15      1450  0.3593  0.3520     127.8850005      52.9102048      74.9747957
        15      1500  0.3593  0.3112     124.9462633      58.6665158      66.2797475
        15      1550  0.3593  0.3377     126.1004391      54.1606779      71.9397612
        15      1600  0.3593  0.3616     125.4911355      48.4598512      77.0312843
        15      1650  0.3593  0.3429     124.9605441      51.9273116      73.0332325
        15      1700  0.3593  0.3366     123.7705003      52.0701475      71.7003527
        15      1750  0.3593  0.3361     127.9630538      56.3776125      71.5854412
        15      1800  0.3593  0.3445     126.6093928      53.2231634      73.3862294
        15      1850  0.3593  0.3359     128.4656066      56.9275583      71.5380484
        15      1900  0.3593  0.3601     135.7741877      59.0769158      76.6972719
        15      1950  0.3593  0.3832     139.1437122      57.5239734      81.6197389
        15      2000  0.3593  0.3631     139.2223436      61.8732352      77.3491084
        16        50  0.3850  0.3581     141.5439926      65.2756029      76.2683897
        16       100  0.3850  0.3691     140.1740910      61.5643205      78.6097705
        16       150  0.3850  0.3905     140.4309482      57.2555621      83.1753861
        16       200  0.3850  0.3692     142.1540374      63.5138167      78.6402207
        16       250  0.3850  0.3908     145.4213716      62.1728597      83.2485119
        16       300  0.3850  0.4072     147.1296901      60.3944686      86.7352214
        16       350  0.3850  0.3911     143.8225327      60.5143703      83.3081624
        16       400  0.3850  0.3792     144.5438698      63.7654956      80.7783742
        16       450  0.3850  0.3749     146.9549907      67.0996129      79.8553778
        16       500  0.3850  0.4038     146.4821643      60.4832496      85.9989147
        16       550  0.3850  0.4141     147.0938806      58.8887571      88.2051236
        16       600  0.3850  0.4125     150.9286457      63.0652742      87.8633715
        16       650  0.3850  0.4575     154.2249066      56.7770199      97.4478867
        16       700  0.3850  0.4581     155.0255912      57.4559339      97.5696573
        16       750  0.3850  0.4031     153.7094898      67.8427854      85.8667044
        16       800  0.3850  0.3894     154.6329438      71.6945541      82.9383897
        16       850  0.3850  0.4087     157.2379534      70.1812309      87.0567225
        16       900  0.3850  0.3934     158.2028448      74.4149432      83.7879017
        16       950  0.3850  0.4551     159.5691325      62.6269930      96.9421395
        16      1000  0.3850  0.4190     160.5145588      71.2633011      89.2512577
        16      1050  0.3850  0.4217     162.3100894      72.4912742      89.8188152
        16      1100  0.3850  0.4042     161.0809015      74.9924114      86.0884901
        16      1150  0.3850  0.4301     161.3658288      69.7617790      91.6040498
        16      1200  0.3850  0.3939     157.9731818      74.0674537      83.9057282
        16      1250  0.3850  0.3994     158.1808161      73.1169891      85.0638270
        16      1300  0.3850  0.3937     158.8339091      74.9659771      83.8679320
        16      1350  0.3850  0.4043     161.2632214      75.1561595      86.1070619
        16      1400  0.3850  0.3935     159.1903888      75.3746235      83.8157654
        16      1450  0.3850  0.4273     156.4654113      65.4526996      91.0127117
        16      1500  0.3850  0.4137     156.9130991      68.8035983      88.1095009
        16      1550  0.3850  0.3928     154.6951330      71.0255219      83.6696111
        16      1600  0.3850  0.4277     159.8473896      68.7578297      91.0895599
        16      1650  0.3850  0.4205     159.8112803      70.2498938      89.5613864
        16      1700  0.3850  0.3892     157.3245233      74.4298335      82.8946898
        16      1750  0.3850  0.4185     159.1353942      69.9903511      89.1450432
        16      1800  0.3850  0.3974     157.2647562      72.6183203      84.6464358
        16      1850  0.3850  0.3808     155.4461221      74.3260756      81.1200465
        16      1900  0.3850  0.3802     156.8702849      75.8904120      80.9798729
        16      1950  0.3850  0.4162     156.3445203      67.6888612      88.6556591
        16      2000  0.3850  0.4429     154.6360563      60.3003660      94.3356903
        17        50  0.4107  0.4156     152.3390988      63.8072580      88.5318408
        17       100  0.4107  0.3840     150.6162403      68.8198471      81.7963932
        17       150  0.4107  0.3955     150.3870985      66.1455706      84.2415279
        17       200  0.4107  0.3965     150.8130406      66.3559235      84.4571171
        17       250  0.4107  0.3775     151.6579184      71.2462680      80.4116504
        17       300  0.4107  0.3479     153.5545948      79.4531095      74.1014853
        17       350  0.4107  0.3987     152.2828848      67.3639753      84.9189094
        17       400  0.4107  0.4009     153.0154642      67.6328628      85.3826013
        17       450  0.4107  0.3984     152.4195968      67.5611744      84.8584224
        17       500  0.4107  0.3736     149.9956307      70.4291149      79.5665159
        17       550  0.4107  0.3914     151.5376762      68.1606068      83.3770694
        17       600  0.4107  0.3787     150.3517295      69.6954607      80.6562687
        17       650  0.4107  0.4100     152.7072285      65.3756646      87.3315639
        17       700  0.4107  0.3917     151.2743486      67.8365902      83.4377584
        17       750  0.4107  0.4147     152.4359119      64.1064466      88.3294653
        17       800  0.4107  0.3793     153.2942421      72.5054980      80.7887442
        17       850  0.4107  0.4124     153.1504878      65.3074897      87.8429981
        17       900  0.4107  0.3686     152.0691571      73.5603399      78.5088172
        17       950  0.4107  0.3753     150.2918805      70.3622899      79.9295906
        17      1000  0.4107  0.3750     149.5689513      69.6912054      79.8777458
        17      1050  0.4107  0.3682     153.7847574      75.3555876      78.4291699
        17      1100  0.4107  0.4332     155.4807361      63.2145104      92.2662257
        17      1150  0.4107  0.4409     159.7485389      65.8330512      93.9154877
        17      1200  0.4107  0.4292     157.0731236      65.6470750      91.4260485
        17      1250  0.4107  0.4064     154.5296532      67.9717642      86.5578890
        17      1300  0.4107  0.4054     155.5602546      69.2047382      86.3555163
        17      1350  0.4107  0.3884     156.2989463      73.5784626      82.7204838
        17      1400  0.4107  0.3864     155.7912541      73.4803887      82.3108653
        17      1450  0.4107  0.4186     153.9472651      64.7795812      89.1676840
        17      1500  0.4107  0.3932     152.5357406      68.7930608      83.7426798
        17      1550  0.4107  0.4270     152.9551463      62.0051206      90.9500257
        17      1600  0.4107  0.3739     151.2090225      71.5686468      79.6403757
        17      1650  0.4107  0.3734     149.6342106      70.0941531      79.5400575
        17      1700  0.4107  0.3957     156.9051461      72.6295568      84.2755892
        17      1750  0.4107  0.4104     154.8073648      67.3918327      87.4155322
        17      1800  0.4107  0.4417     158.5678394      64.4830336      94.0848058
        17      1850  0.4107  0.4164     158.1319290      69.4472652      88.6846638
        17      1900  0.4107  0.4397     156.4041015      62.7535566      93.6505449
        17      1950  0.4107  0.4227     157.1522517      67.1229592      90.0292925
        17      2000  0.4107  0.4170     161.0146169      72.1962632      88.8183537
        18        50  0.4363  0.4164     161.6026912      72.9034297      88.6992616
        18       100  0.4363  0.4342     158.6698332      66.1879333      92.4818999
        18       150  0.4363  0.4274     163.1715262      72.1401887      91.0313375
        18       200  0.4363  0.4340     165.8717714      73.4372078      92.4345636
        18       250  0.4363  0.4193     164.8001863      75.4984502      89.3017361
        18       300  0.4363  0.4553     164.8448883      67.8743257      96.9705626
        18       350  0.4363  0.4175     162.3705847      73.4518658      88.9187189
        18       400  0.4363  0.4253     163.1332166      72.5439920      90.5892246
        18       450  0.4363  0.4368     158.8212230      65.7790647      93.0421583
        18       500  0.4363  0.4628     162.1202161      63.5498126      98.5704036
        18       550  0.4363  0.4202     155.7744055      66.2795896      89.4948159
        18       600  0.4363  0.4318     153.5287435      61.5539042      91.9748393
        18       650  0.4363  0.4152     155.5820919      67.1441655      88.4379264
        18       700  0.4363  0.4068     157.2290855      70.5710683      86.6580172
        18       750  0.4363  0.4460     161.0500317      66.0451776      95.0048541
        18       800  0.4363  0.4104     160.5624385      73.1380266      87.4244119
        18       850  0.4363  0.3686     157.2240137      78.7177327      78.5062810
        18       900  0.4363  0.4124     153.9393978      66.1037581      87.8356397
        18       950  0.4363  0.3961     155.9617269      71.5955912      84.3661357
        18      1000  0.4363  0.4048     157.5552152      71.3368430      86.2183722
        18      1050  0.4363  0.4011     157.6925985      72.2673033      85.4252952
        18      1100  0.4363  0.3736     154.9672806      75.3997477      79.5675330
        18      1150  0.4363  0.4231     155.5752800      65.4572919      90.1179881
        18      1200  0.4363  0.4185     161.9676548      72.8273308      89.1403240
        18      1250  0.4363  0.4337     158.0319019      65.6573027      92.3745992
        18      1300  0.4363  0.4062     159.6430796      73.1142557      86.5288239
        18      1350  0.4363  0.4099     159.4237223      72.1174084      87.3063139
        18      1400  0.4363  0.3724     155.9534879      76.6319794      79.3215085
        18      1450  0.4363  0.3887     155.8864343      73.0841413      82.8022931
        18      1500  0.4363  0.4138     157.7563598      69.6066535      88.1497063
        18      1550  0.4363  0.4177     159.8901181      70.9169901      88.9731280
        18      1600  0.4363  0.4391     163.6620283      70.1372202      93.5248081
        18      1650  0.4363  0.4588     166.6682402      68.9417301      97.7265101
        18      1700  0.4363  0.4678     165.4956181      65.8440911      99.6515270
        18      1750  0.4363  0.4152     164.0771838      75.6420684      88.4351155
        18      1800  0.4363  0.4055     165.0577567      78.6816147      86.3761420
        18      1850  0.4363  0.4095     167.2668967      80.0413618      87.2255349
        18      1900  0.4363  0.4239     166.1275442      75.8380074      90.2895368
        18      1950  0.4363  0.4401     173.2544980      79.5224616      93.7320364
        18      2000  0.4363  0.4286     169.2003901      77.8988661      91.3015240
        19        50  0.4620  0.4509     178.4481600      82.4049410      96.0432189
        19       100  0.4620  0.4829     180.4400824      77.5776409     102.8624414
        19       150  0.4620  0.4745     182.8520552      81.7889350     101.0631202
        19       200  0.4620  0.5022     179.6643687      72.6902720     106.9740967
        19       250  0.4620  0.4417     177.5339092      83.4432032      94.0907061
        19       300  0.4620  0.4834     180.0779763      77.1063104     102.9716658
        19       350  0.4620  0.4915     176.1649726      71.4683148     104.6966578
        19       400  0.4620  0.4484     183.0947010      87.5751932      95.5195078
        19       450  0.4620  0.4522     178.4723790      82.1507767      96.3216023
        19       500  0.4620  0.4859     174.9152874      71.4223646     103.4929228
        19       550  0.4620  0.4079     171.4673359      84.5908278      86.8765081
        19       600  0.4620  0.4133     168.3950009      80.3644589      88.0305420
        19       650  0.4620  0.4210     166.0694137      76.3993079      89.6701058
        19       700  0.4620  0.4364     169.0118700      76.0534444      92.9584256
        19       750  0.4620  0.4243     168.8793901      78.4949707      90.3844195
        19       800  0.4620  0.4281     168.9937251      77.8014865      91.1922386
        19       850  0.4620  0.4131     172.3330618      84.3370207      87.9960411
        19       900  0.4620  0.3959     172.4548943      88.1371650      84.3177293
        19       950  0.4620  0.4715     175.8323839      75.3932604     100.4391235
        19      1000  0.4620  0.4527     174.2629978      77.8306654      96.4323323
        19      1050  0.4620  0.4370     177.9345696      84.8578969      93.0766727
        19      1100  0.4620  0.4847     180.4698470      77.2279066     103.2419404
        19      1150  0.4620  0.4713     181.0429544      80.6479063     100.3950481
        19      1200  0.4620  0.4441     183.3625164      88.7601149      94.6024014
        19      1250  0.4620  0.5055     186.1361303      78.4605982     107.6755321
        19      1300  0.4620  0.4685     183.3250496      83.5399883      99.7850613
        19      1350  0.4620  0.4891     182.6640162      78.4772058     104.1868104
        19      1400  0.4620  0.4573     181.0124479      83.6105500      97.4018980
        19      1450  0.4620  0.4562     178.9993152      81.8326969      97.1666183
        19      1500  0.4620  0.4506     181.4652138      85.4825296      95.9826841
        19      1550  0.4620  0.4469     177.3067059      82.1261596      95.1805463
        19      1600  0.4620  0.4472     179.1168832      83.8528474      95.2640358
        19      1650  0.4620  0.4660     180.5252214      81.2613082      99.2639132
        19      1700  0.4620  0.4128     176.9345910      89.0169826      87.9176084
        19      1750  0.4620  0.4425     175.0793563      80.8255766      94.2537798
        19      1800  0.4620  0.4686     176.8415935      77.0333069      99.8082866
        19      1850  0.4620  0.4728     177.8237618      77.1264347     100.6973272
        19      1900  0.4620  0.4812     176.3570850      73.8695087     102.4875762
        19      1950  0.4620  0.4883     174.7007054      70.6971282     104.0035772
        19      2000  0.4620  0.4679     174.0446586      74.3877111      99.6569474
        20        50  0.4877  0.4493     176.6585968      80.9528766      95.7057202
        20       100  0.4877  0.4220     177.1955434      87.3006015      89.8949419
        20       150  0.4877  0.4498     175.9048112      80.0877060      95.8171051
        20       200  0.4877  0.4294     170.4085971      78.9427415      91.4658556
        20       250  0.4877  0.4689     172.2335205      72.3533706      99.8801499
        20       300  0.4877  0.4161     170.3305983      81.6936186      88.6369797
        20       350  0.4877  0.4262     174.1562932      83.3858482      90.7704450
        20       400  0.4877  0.4579     176.2308120      78.7068386      97.5239735
        20       450  0.4877  0.4751     175.9804379      74.7888421     101.1915958
        20       500  0.4877  0.4685     179.6729965      79.8807278      99.7922687
        20       550  0.4877  0.4987     176.7654773      70.5502164     106.2152609
        20       600  0.4877  0.4666     180.1899632      80.8092356      99.3807276
        20       650  0.4877  0.4935     178.4143321      73.2916718     105.1226603
        20       700  0.4877  0.4857     181.3048971      77.8459188     103.4589783
        20       750  0.4877  0.4668     180.2023431      80.7812687      99.4210744
        20       800  0.4877  0.4692     179.6878952      79.7388347      99.9490605
        20       850  0.4877  0.4699     177.7448665      77.6611973     100.0836692
        20       900  0.4877  0.4817     176.7965032      74.1978908     102.5986124
        20       950  0.4877  0.4128     174.7919840      86.8635278      87.9284562
        20      1000  0.4877  0.4314     179.7570050      87.8713985      91.8856065
        20      1050  0.4877  0.4338     182.7516738      90.3539582      92.3977156
        20      1100  0.4877  0.4797     186.4364783      84.2577605     102.1787178
        20      1150  0.4877  0.5104     186.3056695      77.5962470     108.7094225
        20      1200  0.4877  0.4567     186.7372949      89.4555556      97.2817393
        20      1250  0.4877  0.4468     183.4049017      88.2392258      95.1656760
        20      1300  0.4877  0.4914     184.9779561      80.3147949     104.6631612
        20      1350  0.4877  0.4857     186.5036429      83.0446085     103.4590344
        20      1400  0.4877  0.4799     184.4193404      82.2007952     102.2185452
        20      1450  0.4877  0.4704     184.9988142      84.7938560     100.2049582
        20      1500  0.4877  0.4700     185.6920542      85.5796909     100.1123633
        20      1550  0.4877  0.4733     190.3390466      89.5205790     100.8184676
        20      1600  0.4877  0.5002     191.2754200      84.7249009     106.5505191
        20      1650  0.4877  0.4684     189.1513799      89.3844495      99.7669304
        20      1700  0.4877  0.4873     187.6636127      83.8661278     103.7974848
        20      1750  0.4877  0.4787     187.8786155      85.9145716     101.9640440
        20      1800  0.4877  0.4746     188.4546778      87.3625283     101.0921496
        20      1850  0.4877  0.4954     184.7622536      79.2418979     105.5203557
        20      1900  0.4877  0.4775     181.5441551      79.8260664     101.7180887
        20      1950  0.4877  0.4964     180.1345653      74.4027423     105.7318231
        20      2000  0.4877  0.4496     179.4539325      83.6904020      95.7635305
        21        50  0.5133  0.5478     198.8318363      82.1456851     116.6861511
        21       100  0.5133  0.5043     202.1686220      94.7442290     107.4243930
        21       150  0.5133  0.4619     198.5944365     100.2140952      98.3803413
        21       200  0.5133  0.4996     199.7411168      93.3266458     106.4144710
        21       250  0.5133  0.5306     193.9544700      80.9441091     113.0103609
        21       300  0.5133  0.4818     192.4548425      89.8354400     102.6194024
        21       350  0.5133  0.4385     187.7146664      94.3053032      93.4093633
        21       400  0.5133  0.5313     189.4380315      76.2626499     113.1753816
        21       450  0.5133  0.5141     187.9944033      78.4941242     109.5002791
        21       500  0.5133  0.4805     189.8308062      87.4813120     102.3494942
        21       550  0.5133  0.4624     189.9550849      91.4603993      98.4946857
        21       600  0.5133  0.4714     192.7639250      92.3480867     100.4158383
        21       650  0.5133  0.4747     188.3285294      87.2268876     101.1016418
        21       700  0.5133  0.4906     191.2584114      86.7678762     104.4905353
        21       750  0.5133  0.5068     196.7311160      88.7751728     107.9559433
        21       800  0.5133  0.4784     202.7464193     100.8535322     101.8928870
        21       850  0.5133  0.5001     200.4460354      93.9145877     106.5314477
        21       900  0.5133  0.5158     198.7334714      88.8592624     109.8742090
        21       950  0.5133  0.5201     202.6482689      91.8597432     110.7885256
        21      1000  0.5133  0.5451     200.1224819      84.0230925     116.0993894
        21      1050  0.5133  0.5447     201.4093403      85.3810216     116.0283187
        21      1100  0.5133  0.4485     196.0881942     100.5669437      95.5212505
        21      1150  0.5133  0.4972     197.6443555      91.7490248     105.8953307
        21      1200  0.5133  0.5107     201.4230126      92.6482424     108.7747702
        21      1250  0.5133  0.4995     202.8423862      96.4492721     106.3931142
        21      1300  0.5133  0.5320     201.1284458      87.8115045     113.3169413
        21      1350  0.5133  0.5522     197.5574753      79.9354802     117.6219951
        21      1400  0.5133  0.5373     198.8106922      84.3745817     114.4361104
        21      1450  0.5133  0.4916     198.6571816      93.9432485     104.7139331
        21      1500  0.5133  0.4970     201.3775241      95.5255241     105.8519999
        21      1550  0.5133  0.5167     201.0196068      90.9619389     110.0576679
        21      1600  0.5133  0.5048     198.9117104      91.3995010     107.5122094
        21      1650  0.5133  0.4901     200.2377538      95.8448230     104.3929308
        21      1700  0.5133  0.5338     200.5486523      86.8535413     113.6951109
        21      1750  0.5133  0.4647     203.1732785     104.2013027      98.9719759
        21      1800  0.5133  0.5255     204.8878584      92.9505802     111.9372782
        21      1850  0.5133  0.5619     202.5897119      82.8950270     119.6946849
        21      1900  0.5133  0.4963     200.0390586      94.3221623     105.7168963
        21      1950  0.5133  0.5280     201.9132511      89.4497137     112.4635374
        21      2000  0.5133  0.5111     199.7982889      90.9287854     108.8695035
        22        50  0.5390  0.4933     202.6266024      97.5550690     105.0715334
        22       100  0.5390  0.5137     202.9573594      93.5463441     109.4110153
        22       150  0.5390  0.5541     203.9830026      85.9540481     118.0289545
        22       200  0.5390  0.4696     204.9399790     104.9088894     100.0310896
        22       250  0.5390  0.5263     205.3321179      93.2249705     112.1071474
        22       300  0.5390  0.5264     200.5683609      88.4468328     112.1215281
        22       350  0.5390  0.5301     198.0233189      85.1073648     112.9159541
        22       400  0.5390  0.4712     199.0251384      98.6499195     100.3752190
        22       450  0.5390  0.5031     198.6109847      91.4602347     107.1507500
        22       500  0.5390  0.5185     201.9377061      91.5074129     110.4302932
        22       550  0.5390  0.4974     200.6963088      94.7466883     105.9496205
        22       600  0.5390  0.5036     201.9092278      94.6401932     107.2690346
        22       650  0.5390  0.5446     204.0383978      88.0342317     116.0041661
        22       700  0.5390  0.4854     202.5787364      99.1969980     103.3817384
        22       750  0.5390  0.4615     209.5104572     111.2103292      98.3001281
        22       800  0.5390  0.5565     212.2048904      93.6774944     118.5273960
        22       850  0.5390  0.5320     211.9404978      98.6323539     113.3081439
        22       900  0.5390  0.5604     217.7434540      98.3686793     119.3747746
        22       950  0.5390  0.5400     217.9189926     102.8886568     115.0303358
        22      1000  0.5390  0.5219     210.2837088      99.1268605     111.1568483
        22      1050  0.5390  0.5461     205.8658024      89.5404169     116.3253855
        22      1100  0.5390  0.5525     207.7548582      90.0759678     117.6788903
        22      1150  0.5390  0.5376     214.5437822     100.0314170     114.5123651
        22      1200  0.5390  0.4918     209.3580250     104.6116638     104.7463613
        22      1250  0.5390  0.5552     208.3527870      90.1050383     118.2477487
        22      1300  0.5390  0.5035     211.7759350     104.5201376     107.2557974
        22      1350  0.5390  0.5562     212.4360038      93.9558576     118.4801462
        22      1400  0.5390  0.5356     212.8989148      98.8171664     114.0817484
        22      1450  0.5390  0.5608     212.3930178      92.9525834     119.4404345
        22      1500  0.5390  0.5864     216.7455868      91.8434685     124.9021184
        22      1550  0.5390  0.5134     212.5817353     103.2331687     109.3485665
        22      1600  0.5390  0.5614     213.9938480      94.4214865     119.5723615
        22      1650  0.5390  0.5873     214.2065845      89.1059851     125.1005994
        22      1700  0.5390  0.5296     208.4465587      95.6397643     112.8067943
        22      1750  0.5390  0.5736     210.7055382      88.5191908     122.1863473
        22      1800  0.5390  0.5330     213.3214253      99.7931583     113.5282670
        22      1850  0.5390  0.5687     217.0996994      95.9586654     121.1410340
        22      1900  0.5390  0.5331     214.7270844     101.1858688     113.5412156
        22      1950  0.5390  0.5601     214.2950701      94.9867483     119.3083218
        22      2000  0.5390  0.5127     214.0226261     104.8222422     109.2003839
        23        50  0.5647  0.5575     226.1211428     107.3789614     118.7421814
        23       100  0.5647  0.5189     221.5400586     111.0223388     110.5177198
        23       150  0.5647  0.5551     221.3115246     103.0678480     118.2436767
        23       200  0.5647  0.5566     216.8133873      98.2485895     118.5647978
        23       250  0.5647  0.5728     212.3217256      90.3159903     122.0057354
        23       300  0.5647  0.5473     205.8776753      89.3101767     116.5674985
        23       350  0.5647  0.5491     214.9223139      97.9726876     116.9496263
        23       400  0.5647  0.5424     215.3050207      99.7835035     115.5215172
        23       450  0.5647  0.5544     218.1287145     100.0486847     118.0800298
        23       500  0.5647  0.5955     218.4502611      91.6086949     126.8415662
        23       550  0.5647  0.5566     219.6904118     101.1272941     118.5631178
        23       600  0.5647  0.5592     219.1830005     100.0724900     119.1105105
        23       650  0.5647  0.5428     223.8329682     108.2071097     115.6258585
        23       700  0.5647  0.5693     222.1898738     100.9287410     121.2611328
        23       750  0.5647  0.5394     224.3582296     109.4605623     114.8976674
        23       800  0.5647  0.5716     226.7156395     104.9575850     121.7580545
        23       850  0.5647  0.6149     224.5119581      93.5445806     130.9673775
        23       900  0.5647  0.5855     224.1971151      99.4784694     124.7186457
        23       950  0.5647  0.5515     217.0757952      99.6086548     117.4671404
        23      1000  0.5647  0.5469     216.7583879     100.2730834     116.4853046
        23      1050  0.5647  0.5151     222.9950451     113.2819061     109.7131390
        23      1100  0.5647  0.6001     224.9512202      97.1214412     127.8297790
        23      1150  0.5647  0.5674     223.7499857     102.9015482     120.8484375
        23      1200  0.5647  0.5891     220.8952162      95.4188280     125.4763882
        23      1250  0.5647  0.5331     216.8697549     103.3275148     113.5422402
        23      1300  0.5647  0.5304     213.5546222     100.5743865     112.9802357
        23      1350  0.5647  0.5475     211.6088036      94.9990911     116.6097125
        23      1400  0.5647  0.5522     210.7119523      93.1013932     117.6105591
        23      1450  0.5647  0.5673     214.8382223      93.9990067     120.8392156
        23      1500  0.5647  0.5785     217.8896628      94.6748486     123.2148142
        23      1550  0.5647  0.5443     222.2642107     106.3215953     115.9426154
        23      1600  0.5647  0.5525     221.8457098     104.1534761     117.6922337
        23      1650  0.5647  0.5844     223.7149983      99.2469172     124.4680811
        23      1700  0.5647  0.5766     228.8391220     106.0305519     122.8085702
        23      1750  0.5647  0.5536     225.0545631     107.1278324     117.9267307
        23      1800  0.5647  0.6001     227.1483514      99.3224396     127.8259117
        23      1850  0.5647  0.5364     224.7121822     110.4691766     114.2430056
        23      1900  0.5647  0.5734     222.0610775      99.9366489     122.1244286
        23      1950  0.5647  0.5564     223.4616412     104.9569176     118.5047236
        23      2000  0.5647  0.5314     231.5603560     118.3734504     113.1869056
        24        50  0.5903  0.6399     250.5295649     114.2405324     136.2890325
        24       100  0.5903  0.6247     247.9931113     114.9379369     133.0551744
        24       150  0.5903  0.6211     246.4557153     114.1612166     132.2944987
        24       200  0.5903  0.5537     249.6389570     131.7084418     117.9305152
        24       250  0.5903  0.6648     250.1170929     108.5115337     141.6055591
        24       300  0.5903  0.6735     254.2999568     110.8432869     143.4566699
        24       350  0.5903  0.6140     249.8350897     119.0629640     130.7721256
        24       400  0.5903  0.6345     247.3782769     112.2264478     135.1518291
        24       450  0.5903  0.6889     249.6319320     102.8910546     146.7408774
        24       500  0.5903  0.6366     249.1752810     113.5745899     135.6006911
        24       550  0.5903  0.6111     248.6349686     118.4686418     130.1663269
        24       600  0.5903  0.5942     251.9290704     125.3577113     126.5713590
        24       650  0.5903  0.5716     250.1923985     128.4450227     121.7473759
        24       700  0.5903  0.6141     250.1169288     119.3087045     130.8082243
        24       750  0.5903  0.6048     249.6841842     120.8573966     128.8267876
        24       800  0.5903  0.6264     245.5320970     112.1007837     133.4313132
        24       850  0.5903  0.6468     245.3998881     107.6383864     137.7615017
        24       900  0.5903  0.6897     253.1940868     106.2981221     146.8959647
        24       950  0.5903  0.5941     250.4630084     123.9264369     126.5365715
        24      1000  0.5903  0.6164     248.1479516     116.8579885     131.2899632
        24      1050  0.5903  0.5526     252.0107443     134.3079040     117.7028404
        24      1100  0.5903  0.5995     250.4861931     122.7886461     127.6975470
        24      1150  0.5903  0.6459     245.8091194     108.2241371     137.5849823
        24      1200  0.5903  0.5895     245.1747729     119.6038930     125.5708799
        24      1250  0.5903  0.6083     250.7777186     121.2068111     129.5709075
        24      1300  0.5903  0.6108     249.0977045     118.9988855     130.0988189
        24      1350  0.5903  0.6281     249.8097417     116.0320323     133.7777094
        24      1400  0.5903  0.6025     251.5784187     123.2489689     128.3294498
        24      1450  0.5903  0.6380     256.2745375     120.3864777     135.8880598
        24      1500  0.5903  0.6627     249.3288153     108.1799357     141.1488796
        24      1550  0.5903  0.5807     246.7303357     123.0463818     123.6839539
        24      1600  0.5903  0.5993     237.9889156     110.3394713     127.6494444
        24      1650  0.5903  0.5844     230.7486391     106.2739008     124.4747383
        24      1700  0.5903  0.5967     233.3378997     106.2369444     127.1009552
        24      1750  0.5903  0.5764     229.7697344     106.9876474     122.7820870
        24      1800  0.5903  0.5504     229.7484703     112.5070003     117.2414700
        24      1850  0.5903  0.5589     233.8943465     114.8396557     119.0546908
        24      1900  0.5903  0.5698     231.1947094     109.8315210     121.3631884
        24      1950  0.5903  0.5765     234.3201153     111.5193974     122.8007178
        24      2000  0.5903  0.5799     230.1106841     106.5925502     123.5181339
        25        50  0.6160  0.5635     228.2263977     108.2014125     120.0249852
        25       100  0.6160  0.5724     230.9801437     109.0599580     121.9201857
        25       150  0.6160  0.6047     230.4986574     101.6897144     128.8089431
        25       200  0.6160  0.6548     234.4614032      94.9980874     139.4633158
        25       250  0.6160  0.5931     239.8300178     113.5103343     126.3196835
        25       300  0.6160  0.5584     237.8124092     118.8782601     118.9341491
        25       350  0.6160  0.5597     232.9425592     113.7300662     119.2124929
        25       400  0.6160  0.5580     239.2752544     120.4297701     118.8454843
        25       450  0.6160  0.5496     239.3626447     122.2876001     117.0750446
        25       500  0.6160  0.5542     231.6243073     113.5840480     118.0402593
        25       550  0.6160  0.5622     234.1267344     114.3699603     119.7567740
        25       600  0.6160  0.5771     229.3209546     106.3986775     122.9222771
        25       650  0.6160  0.5931     230.1790733     103.8587055     126.3203678
        25       700  0.6160  0.5378     235.7757938     121.2322502     114.5435436
        25       750  0.6160  0.5470     233.5487347     117.0434322     116.5053025
        25       800  0.6160  0.5501     233.7819304     116.6200249     117.1619055
        25       850  0.6160  0.5950     237.5745214     110.8318964     126.7426250
        25       900  0.6160  0.5413     230.3619592     115.0736442     115.2883149
        25       950  0.6160  0.5610     235.3441189     115.8418545     119.5022644
        25      1000  0.6160  0.5875     240.0258951     114.8891166     125.1367785
        25      1050  0.6160  0.5847     234.5919517     110.0435987     124.5483530
        25      1100  0.6160  0.6425     231.4704656      94.6224392     136.8480264
        25      1150  0.6160  0.5862     232.8097030     107.9538959     124.8558071
        25      1200  0.6160  0.5786     234.1901889     110.9545831     123.2356058
        25      1250  0.6160  0.5798     237.9524480     114.4630416     123.4894064
        25      1300  0.6160  0.5552     234.3280327     116.0746259     118.2534067
        25      1350  0.6160  0.6096     240.8346782     110.9855467     129.8491315
        25      1400  0.6160  0.6261     238.1440734     104.7790342     133.3650392
        25      1450  0.6160  0.5913     231.6141348     105.6640286     125.9501062
        25      1500  0.6160  0.5877     233.5910402     108.4183354     125.1727048
        25      1550  0.6160  0.5943     238.0020510     111.4207095     126.5813415
        25      1600  0.6160  0.6041     233.6610000     104.9829610     128.6780390
        25      1650  0.6160  0.5850     239.1729391     114.5697836     124.6031555
        25      1700  0.6160  0.6266     243.3487642     109.8857087     133.4630555
        25      1750  0.6160  0.5527     241.6708701     123.9487893     117.7220808
        25      1800  0.6160  0.6506     249.9241134     111.3498987     138.5742148
        25      1850  0.6160  0.6079     249.1244837     119.6378259     129.4866578
        25      1900  0.6160  0.6523     247.6696424     108.7352592     138.9343832
        25      1950  0.6160  0.5385     248.2652288     133.5689368     114.6962921
        25      2000  0.6160  0.6303     249.1340361     114.8709795     134.2630566
