        25    2036.3947374    1888.4934743     147.9012631
        50    2035.7202744    1908.9329657     126.7873086
        75    2033.9296604    1911.6191464     122.3105139
       100    2036.8993496    1902.3780887     134.5212609
       125    2039.7884223    1904.3120398     135.4763826
       150    2038.4603283    1903.9298090     134.5305193
       175    2037.3429094    1900.4455073     136.8974021
       200    2037.8504766    1904.8905645     132.9599121
       225    2036.4562790    1908.2214232     128.2348558
       250    2031.6639929    1901.9696439     129.6943491
       275    2035.0817692    1893.2039983     141.8777709
       300    2036.9236483    1888.8689301     148.0547181
       325    2035.2212982    1904.7545876     130.4667106
       350    2033.3823245    1898.5413997     134.8409247
       375    2033.9395893    1897.1635502     136.7760390
       400    2038.7453545    1905.2155104     133.5298441
       425    2039.1695055    1887.9789425     151.1905630
       450    2038.8445230    1904.3499621     134.4945609
       475    2035.8750616    1909.5960078     126.2790538
       500    2034.2444586    1911.3500486     122.8944101
       525    2030.5363654    1905.2122117     125.3241537
       550    2030.6778707    1908.8440170     121.8338537
       575    2029.8963703    1900.7994491     129.0969212
       600    2028.9795981    1896.5037220     132.4758761
       625    2025.1577587    1900.7659740     124.3917847
       650    2021.8804660    1893.7396483     128.1408177
       675    2022.9199037    1896.0112879     126.9086158
       700    2023.9077770    1892.5077133     131.4000637
       725    2022.4214559    1894.7044767     127.7169793
       750    2020.6092060    1899.4755560     121.1336499
       775    2020.5795991    1898.4600254     122.1195737
       800    2022.9754340    1892.6033199     130.3721141
       825    2020.9952778    1907.3747379     113.6205399
       850    2020.0507286    1906.1367458     113.9139828
       875    2023.3987341    1905.1081132     118.2906209
       900    2024.6078489    1906.3932090     118.2146399
       925    2022.4435472    1904.4903988     117.9531484
       950    2021.0933173    1897.7005607     123.3927566
       975    2021.6227341    1893.9930403     127.6296939
      1000    2020.7112798    1899.6504069     121.0608729
      1025    2019.9688401    1896.6310146     123.3378255
      1050    2020.1125891    1892.4993823     127.6132068
      1075    2020.0719204    1902.6407318     117.4311886
      1100    2019.5678890    1900.1279782     119.4399108
      1125    2021.9318824    1905.9517004     115.9801820
      1150    2025.2704142    1897.7143309     127.5560833
      1175    2025.4406151    1896.2417694     129.1988457
      1200    2021.4765200    1895.3753689     126.1011511
      1225    2021.5698324    1888.5805525     132.9892799
      1250    2017.7477584    1894.3543743     123.3933840
      1275    2014.7323209    1889.6296738     125.1026471
      1300    2015.9914871    1892.6648531     123.3266340
      1325    2018.2317344    1888.2071833     130.0245511
      1350    2015.8938089    1897.6492315     118.2445775
      1375    2014.2417959    1889.4837894     124.7580065
      1400    2012.3618025    1893.4388826     118.9229198
      1425    2014.3043493    1904.1718431     110.1325062
      1450    2013.0331541    1891.4915345     121.5416196
      1475    2011.5905432    1897.4710454     114.1194978
      1500    2010.7113135    1895.9413395     114.7699741
      1525    2010.6457309    1898.4273511     112.2183798
      1550    2011.0321164    1892.4117048     118.6204115
      1575    2007.8910348    1892.1596368     115.7313980
      1600    2009.0367991    1885.1131092     123.9236898
      1625    2008.5246946    1884.9871427     123.5375519
      1650    2010.6951902    1888.7539234     121.9412669
      1675    2012.3857257    1887.7053510     124.6803747
      1700    2014.6693215    1892.7558473     121.9134742
      1725    2019.0112763    1888.6905001     130.3207762
      1750    2024.6693175    1896.0732964     128.5960211
      1775    2020.4571192    1894.6664059     125.7907133
      1800    2020.0767686    1894.7692986     125.3074700
      1825    2017.2124618    1898.3984804     118.8139814
      1850    2014.8329187    1893.2821249     121.5507938
      1875    2019.1762555    1886.6159648     132.5602907
      1900    2017.6410329    1899.0973970     118.5436359
      1925    2019.1902297    1891.8335708     127.3566588
      1950    2015.5671902    1888.0456880     127.5215021
      1975    2017.5939252    1892.4929046     125.1010206
      2000    2011.4513639    1898.8809475     112.5704164
