         1    8601.2185320    8409.1821243     192.0364077
         2    8600.0244832    8230.6861410     369.3383422
         3    8600.1479710    7935.0816718     665.0662992
         4    8597.5918522    7526.7646257    1070.8272265
         5    8591.6252395    7029.7373958    1561.8878437
         6    8584.4623712    6490.4383756    2094.0239956
         7    8576.1053032    5950.1844992    2625.9208040
         8    8572.2150365    5425.2447240    3146.9703125
         9    8569.4843921    4922.4455688    3647.0388234
        10    8561.5871292    4450.7699984    4110.8171308
        11    8554.7678225    4023.9136888    4530.8541337
        12    8541.9056589    3655.9077166    4885.9979423
        13    8535.7444781    3359.2317831    5176.5126950
        14    8522.2888532    3143.1803017    5379.1085515
        15    8508.5130486    3011.8049830    5496.7080656
        16    8495.9470343    2964.1666290    5531.7804053
        17    8488.2108047    2993.9485669    5494.2622378
        18    8477.4269167    3090.7020822    5386.7248345
        19    8462.9496600    3240.7497591    5222.1999009
        20    8457.5787355    3428.6022658    5028.9764697
        21    8443.5423184    3636.9120327    4806.6302857
        22    8432.1963429    3849.3023776    4582.8939654
        23    8424.4515331    4050.9214173    4373.5301158
        24    8416.6254433    4228.1793628    4188.4460805
        25    8413.5297216    4369.9485239    4043.5811977
        26    8403.1078090    4468.1192298    3934.9885792
        27    8403.2588211    4520.0278242    3883.2309969
        28    8392.2029814    4526.4338198    3865.7691616
        29    8383.0064678    4493.8660837    3889.1403841
        30    8375.1754418    4430.4476037    3944.7278381
        31    8364.5687672    4346.5892185    4017.9795486
        32    8359.6437733    4253.0980995    4106.5456738
        33    8354.6934874    4159.8686334    4194.8248540
        34    8349.9632515    4075.7409081    4274.2223433
        35    8341.3239712    4008.3845809    4332.9393903
        36    8337.4480252    3962.8078177    4374.6402075
        37    8330.7307104    3941.9089078    4388.8218026
        38    8323.7102233    3946.2368505    4377.4733728
        39    8319.6492437    3973.9389636    4345.7102802
        40    8309.0864006    4021.2590692    4287.8273315
        41    8299.2837056    4081.9082932    4217.3754124
        42    8292.6804624    4148.1418513    4144.5386111
        43    8286.1500507    4210.4599974    4075.6900533
        44    8280.5618654    4259.2116449    4021.3502205
        45    8273.0964662    4285.8942072    3987.2022591
        46    8262.0934826    4282.8684575    3979.2250251
        47    8258.5620653    4246.2510734    4012.3109919
        48    8252.8332266    4174.9454351    4077.8877915
        49    8245.7335788    4071.1152899    4174.6182889
        50    8241.2123314    3939.4823263    4301.7300052
        51    8233.8024625    3788.5889105    4445.2135520
        52    8219.3910484    3629.3249858    4590.0660626
        53    8206.9716096    3474.6685295    4732.3030801
        54    8195.9001926    3338.7409734    4857.1592192
        55    8182.9185148    3235.9320834    4946.9864314
        56    8173.0813261    3179.2334809    4993.8478452
        57    8161.5150211    3180.0716320    4981.4433891
        58    8151.5747173    3246.4010046    4905.1737127
        59    8142.2925066    3379.9562263    4762.3362803
        60    8131.8883744    3576.9660215    4554.9223529
        61    8124.4461375    3827.6388987    4296.8072388
        62    8117.3898069    4117.3543534    4000.0354536
        63    8109.0474218    4426.7837307    3682.2636912
        64    8099.4228818    4735.5622281    3363.8606537
        65    8095.2557749    5021.8456589    3073.4101161
        66    8090.1906400    5266.6783365    2823.5123034
        67    8081.9858915    5453.4511103    2628.5347812
        68    8075.0039148    5570.6755455    2504.3283693
        69    8069.8366861    5612.9160983    2456.9205878
        70    8066.6601950    5579.8972411    2486.7629539
        71    8062.9284171    5477.3498062    2585.5786109
        72    8057.9706563    5314.6431302    2743.3275261
        73    8052.1512078    5104.2779914    2947.8732164
        74    8047.8245380    4860.7363228    3187.0882152
        75    8041.9464062    4599.7021764    3442.2442299
        76    8035.9778688    4337.3388209    3698.6390479
        77    8030.2117969    4088.7390887    3941.4727082
        78    8023.5406631    3866.3896277    4157.1510354
        79    8013.4364330    3680.8816224    4332.5548106
        80    8006.7215425    3537.2724840    4469.4490585
        81    8004.3517942    3437.4456141    4566.9061801
        82    7999.2912130    3377.6392632    4621.6519498
        83    7990.7105631    3351.2751097    4639.4354534
        84    7981.5462892    3348.8548784    4632.6914107
        85    7977.9656251    3359.4072412    4618.5583840
        86    7970.2547198    3372.5932126    4597.6615072
        87    7960.8471030    3379.6569248    4581.1901782
        88    7955.0409344    3373.7279065    4581.3130279
        89    7950.4783327    3351.5402915    4598.9380412
        90    7941.8540121    3313.7776655    4628.0763467
        91    7934.4602647    3265.3789490    4669.0813157
        92    7922.5371060    3214.8592284    4707.6778776
        93    7908.7901920    3173.0735231    4735.7166689
        94    7901.0160438    3153.1966084    4747.8194354
        95    7897.9893686    3166.2399480    4731.7494206
        96    7887.6849635    3221.1097286    4666.5752349
        97    7879.2006754    3323.2463320    4555.9543434
        98    7875.3203772    3472.6194660    4402.7009112
        99    7864.5253028    3663.2515072    4201.2737956
       100    7849.7629083    3883.2792973    3966.4836110
       101    7849.6837140    4115.9921228    3733.6915912
       102    7840.6146559    4341.5961806    3499.0184754
       103    7835.9403943    4542.6166411    3293.3237532
       104    7829.6903844    4704.4739919    3125.2163925
       105    7822.8202052    4816.8269986    3005.9932066
       106    7819.1531375    4875.0511383    2944.1019992
       107    7811.9578811    4876.8896522    2935.0682289
       108    7803.3836797    4822.2502309    2981.1334488
       109    7797.5893727    4714.7854318    3082.8039409
       110    7784.7867881    4560.6420231    3224.1447650
       111    7778.1852479    4369.6640512    3408.5211967
       112    7768.8535999    4153.0681323    3615.7854676
       113    7759.5215095    3923.0937201    3836.4277894
       114    7750.2585928    3691.4681872    4058.7904057
       115    7737.5829265    3470.7863452    4266.7965814
       116    7726.4864349    3272.1954149    4454.2910200
       117    7712.2917006    3107.0858441    4605.2058565
       118    7705.8103292    2985.1619621    4720.6483670
       119    7697.4434091    2914.5557412    4782.8876679
       120    7689.2366366    2901.4740082    4787.7626284
       121    7691.8415526    2948.7063548    4743.1351978
       122    7681.1943274    3054.9341151    4626.2602123
       123    7671.9484208    3213.3460863    4458.6023345
       124    7662.4199578    3412.7604119    4249.6595459
       125    7654.9201880    3638.7457268    4016.1744612
       126    7647.5111120    3873.9614349    3773.5496771
       127    7640.2840449    4100.7416044    3539.5424405
       128    7631.8760231    4301.5252041    3330.3508190
       129    7624.5603654    4462.2070078    3162.3533576
       130    7619.1537458    4572.6714291    3046.4823167
       131    7610.0012488    4627.2439998    2982.7572491
       132    7603.6388635    4625.0661675    2978.5726960
       133    7595.7302221    4568.2555539    3027.4746682
       134    7587.8761361    4459.6293759    3128.2467602
       135    7579.4545769    4305.2115736    3274.2430033
       136    7568.2278886    4115.4272977    3452.8005909
       137    7561.2155332    3904.3158965    3656.8996367
       138    7555.9065675    3685.8387717    3870.0677958
       139    7546.7840906    3474.1445131    4072.6395774
       140    7540.8869648    3283.2847258    4257.6022391
       141    7530.5728037    3126.7674653    4403.8053385
       142    7529.9428990    3015.5522486    4514.3906505
       143    7523.6412362    2955.0661015    4568.5751347
       144    7516.0302265    2943.8345715    4572.1956550
       145    7511.1408715    2976.4361005    4534.7047709
       146    7499.4113897    3045.8398507    4453.5715390
       147    7491.9452566    3143.0124564    4348.9328001
       148    7475.8497913    3256.8520783    4218.9977130
       149    7473.3911862    3376.4122975    4096.9788887
       150    7460.8588400    3490.4897874    3970.3690526
       151    7452.7346932    3586.7849425    3865.9497507
       152    7446.2833570    3654.4768710    3791.8064860
       153    7440.6406302    3685.2604431    3755.3801871
       154    7433.1407554    3675.5846374    3757.5561180
       155    7423.5196564    3627.2308354    3796.2888210
       156    7415.5622302    3547.9900413    3867.5721890
       157    7405.3911300    3453.0340881    3952.3570419
       158    7391.9083363    3362.0272428    4029.8810935
       159    7385.0416453    3296.9080148    4088.1336305
       160    7376.5090895    3277.8679164    4098.6411731
       161    7365.6789384    3320.5632326    4045.1157058
       162    7358.9403991    3432.4765513    3926.4638477
       163    7356.5181588    3611.7413957    3744.7767631
       164    7351.7004060    3847.5325584    3504.1678476
       165    7348.9282562    4120.0778974    3228.8503588
       166    7347.4063899    4403.9990040    2943.4073859
       167    7345.5603082    4669.8267877    2675.7335205
       168    7340.6137527    4890.0140448    2450.5997079
       169    7335.8450214    5042.9223319    2292.9226895
       170    7333.7214875    5113.5385521    2220.1829354
       171    7329.9537020    5094.3892046    2235.5644974
       172    7330.7537164    4987.6743701    2343.0793463
       173    7326.2944167    4805.0152825    2521.2791341
       174    7322.1866256    4564.2048333    2757.9817922
       175    7315.2460307    4289.3115956    3025.9344352
       176    7302.6653632    4005.9811350    3296.6842282
       177    7299.4437451    3740.1203738    3559.3233713
       178    7289.3884808    3513.7007948    3775.6876859
       179    7282.8233123    3344.3141966    3938.5091157
       180    7278.8800646    3242.5543742    4036.3256903
       181    7274.2865118    3212.1754147    4062.1110971
       182    7261.7310820    3249.5028737    4012.2282084
       183    7252.6803412    3344.5966475    3908.0836937
       184    7241.6580394    3482.0049230    3759.6531165
       185    7234.8882977    3644.3678031    3590.5204947
       186    7226.7320742    3812.3725956    3414.3594785
       187    7224.1704036    3968.2326623    3255.9377414
       188    7218.5385045    4095.9526763    3122.5858283
       189    7211.1655805    4183.0193167    3028.1462638
       190    7207.1114867    4221.4795128    2985.6319739
       191    7200.5965488    4207.8909473    2992.7056015
       192    7192.7550448    4144.9698963    3047.7851485
       193    7188.5725868    4039.7834857    3148.7891011
       194    7180.6441727    3902.8408879    3277.8032849
       195    7173.5136947    3748.0091384    3425.5045563
       196    7166.2158332    3589.9657825    3576.2500508
       197    7156.0780299    3443.4308779    3712.6471520
       198    7151.0973436    3321.4577995    3829.6395441
       199    7141.8745826    3234.3299101    3907.5446725
       200    7131.9132017    3190.6276769    3941.2855248
